Archive member included to satisfy reference by file (symbol)

/home/sunbeam/st/stm32cubeide_1.15.0/plugins/com.st.stm32cube.ide.mcu.externaltools.gnu-tools-for-stm32.12.3.rel1.linux64_1.0.100.202403111256/tools/bin/../lib/gcc/arm-none-eabi/12.3.1/../../../../arm-none-eabi/lib/thumb/v7e-m+fp/hard/libc_nano.a(libc_a-exit.o)
                              /home/sunbeam/st/stm32cubeide_1.15.0/plugins/com.st.stm32cube.ide.mcu.externaltools.gnu-tools-for-stm32.12.3.rel1.linux64_1.0.100.202403111256/tools/bin/../lib/gcc/arm-none-eabi/12.3.1/../../../../arm-none-eabi/lib/thumb/v7e-m+fp/hard/crt0.o (exit)
/home/sunbeam/st/stm32cubeide_1.15.0/plugins/com.st.stm32cube.ide.mcu.externaltools.gnu-tools-for-stm32.12.3.rel1.linux64_1.0.100.202403111256/tools/bin/../lib/gcc/arm-none-eabi/12.3.1/../../../../arm-none-eabi/lib/thumb/v7e-m+fp/hard/libc_nano.a(libc_a-findfp.o)
                              /home/sunbeam/st/stm32cubeide_1.15.0/plugins/com.st.stm32cube.ide.mcu.externaltools.gnu-tools-for-stm32.12.3.rel1.linux64_1.0.100.202403111256/tools/bin/../lib/gcc/arm-none-eabi/12.3.1/../../../../arm-none-eabi/lib/thumb/v7e-m+fp/hard/libc_nano.a(libc_a-exit.o) (__stdio_exit_handler)
/home/sunbeam/st/stm32cubeide_1.15.0/plugins/com.st.stm32cube.ide.mcu.externaltools.gnu-tools-for-stm32.12.3.rel1.linux64_1.0.100.202403111256/tools/bin/../lib/gcc/arm-none-eabi/12.3.1/../../../../arm-none-eabi/lib/thumb/v7e-m+fp/hard/libc_nano.a(libc_a-fwalk.o)
                              /home/sunbeam/st/stm32cubeide_1.15.0/plugins/com.st.stm32cube.ide.mcu.externaltools.gnu-tools-for-stm32.12.3.rel1.linux64_1.0.100.202403111256/tools/bin/../lib/gcc/arm-none-eabi/12.3.1/../../../../arm-none-eabi/lib/thumb/v7e-m+fp/hard/libc_nano.a(libc_a-findfp.o) (_fwalk_sglue)
/home/sunbeam/st/stm32cubeide_1.15.0/plugins/com.st.stm32cube.ide.mcu.externaltools.gnu-tools-for-stm32.12.3.rel1.linux64_1.0.100.202403111256/tools/bin/../lib/gcc/arm-none-eabi/12.3.1/../../../../arm-none-eabi/lib/thumb/v7e-m+fp/hard/libc_nano.a(libc_a-stdio.o)
                              /home/sunbeam/st/stm32cubeide_1.15.0/plugins/com.st.stm32cube.ide.mcu.externaltools.gnu-tools-for-stm32.12.3.rel1.linux64_1.0.100.202403111256/tools/bin/../lib/gcc/arm-none-eabi/12.3.1/../../../../arm-none-eabi/lib/thumb/v7e-m+fp/hard/libc_nano.a(libc_a-findfp.o) (__sread)
/home/sunbeam/st/stm32cubeide_1.15.0/plugins/com.st.stm32cube.ide.mcu.externaltools.gnu-tools-for-stm32.12.3.rel1.linux64_1.0.100.202403111256/tools/bin/../lib/gcc/arm-none-eabi/12.3.1/../../../../arm-none-eabi/lib/thumb/v7e-m+fp/hard/libc_nano.a(libc_a-memset.o)
                              /home/sunbeam/st/stm32cubeide_1.15.0/plugins/com.st.stm32cube.ide.mcu.externaltools.gnu-tools-for-stm32.12.3.rel1.linux64_1.0.100.202403111256/tools/bin/../lib/gcc/arm-none-eabi/12.3.1/../../../../arm-none-eabi/lib/thumb/v7e-m+fp/hard/crt0.o (memset)
/home/sunbeam/st/stm32cubeide_1.15.0/plugins/com.st.stm32cube.ide.mcu.externaltools.gnu-tools-for-stm32.12.3.rel1.linux64_1.0.100.202403111256/tools/bin/../lib/gcc/arm-none-eabi/12.3.1/../../../../arm-none-eabi/lib/thumb/v7e-m+fp/hard/libc_nano.a(libc_a-closer.o)
                              /home/sunbeam/st/stm32cubeide_1.15.0/plugins/com.st.stm32cube.ide.mcu.externaltools.gnu-tools-for-stm32.12.3.rel1.linux64_1.0.100.202403111256/tools/bin/../lib/gcc/arm-none-eabi/12.3.1/../../../../arm-none-eabi/lib/thumb/v7e-m+fp/hard/libc_nano.a(libc_a-stdio.o) (_close_r)
/home/sunbeam/st/stm32cubeide_1.15.0/plugins/com.st.stm32cube.ide.mcu.externaltools.gnu-tools-for-stm32.12.3.rel1.linux64_1.0.100.202403111256/tools/bin/../lib/gcc/arm-none-eabi/12.3.1/../../../../arm-none-eabi/lib/thumb/v7e-m+fp/hard/libc_nano.a(libc_a-reent.o)
                              /home/sunbeam/st/stm32cubeide_1.15.0/plugins/com.st.stm32cube.ide.mcu.externaltools.gnu-tools-for-stm32.12.3.rel1.linux64_1.0.100.202403111256/tools/bin/../lib/gcc/arm-none-eabi/12.3.1/../../../../arm-none-eabi/lib/thumb/v7e-m+fp/hard/libc_nano.a(libc_a-closer.o) (errno)
/home/sunbeam/st/stm32cubeide_1.15.0/plugins/com.st.stm32cube.ide.mcu.externaltools.gnu-tools-for-stm32.12.3.rel1.linux64_1.0.100.202403111256/tools/bin/../lib/gcc/arm-none-eabi/12.3.1/../../../../arm-none-eabi/lib/thumb/v7e-m+fp/hard/libc_nano.a(libc_a-impure.o)
                              /home/sunbeam/st/stm32cubeide_1.15.0/plugins/com.st.stm32cube.ide.mcu.externaltools.gnu-tools-for-stm32.12.3.rel1.linux64_1.0.100.202403111256/tools/bin/../lib/gcc/arm-none-eabi/12.3.1/../../../../arm-none-eabi/lib/thumb/v7e-m+fp/hard/libc_nano.a(libc_a-reent.o) (_impure_ptr)
/home/sunbeam/st/stm32cubeide_1.15.0/plugins/com.st.stm32cube.ide.mcu.externaltools.gnu-tools-for-stm32.12.3.rel1.linux64_1.0.100.202403111256/tools/bin/../lib/gcc/arm-none-eabi/12.3.1/../../../../arm-none-eabi/lib/thumb/v7e-m+fp/hard/libc_nano.a(libc_a-lseekr.o)
[...]
Memory Configuration

Name             Origin             Length             Attributes
CCMRAM           0x10000000         0x00010000         xrw
RAM              0x20000000         0x00020000         xrw
FLASH            0x08000000         0x00100000         xr
*default*        0x00000000         0xffffffff

Linker script and memory map

LOAD /home/sunbeam/st/stm32cubeide_1.15.0/plugins/com.st.stm32cube.ide.mcu.externaltools.gnu-tools-for-stm32.12.3.rel1.linux64_1.0.100.202403111256/tools/bin/../lib/gcc/arm-none-eabi/12.3.1/thumb/v7e-m+fp/hard/crti.o
LOAD /home/sunbeam/st/stm32cubeide_1.15.0/plugins/com.st.stm32cube.ide.mcu.externaltools.gnu-tools-for-stm32.12.3.rel1.linux64_1.0.100.202403111256/tools/bin/../lib/gcc/arm-none-eabi/12.3.1/thumb/v7e-m+fp/hard/crtbegin.o
LOAD /home/sunbeam/st/stm32cubeide_1.15.0/plugins/com.st.stm32cube.ide.mcu.externaltools.gnu-tools-for-stm32.12.3.rel1.linux64_1.0.100.202403111256/tools/bin/../lib/gcc/arm-none-eabi/12.3.1/../../../../arm-none-eabi/lib/thumb/v7e-m+fp/hard/crt0.o
LOAD ./Src/itm.o
LOAD ./Src/lcd.o
LOAD ./Src/main.o
LOAD ./Src/syscalls.o
LOAD ./Src/sysmem.o
LOAD ./Src/system_stm32f4xx.o
LOAD ./Startup/startup_stm32f407vgtx.o
START GROUP
LOAD /home/sunbeam/st/stm32cubeide_1.15.0/plugins/com.st.stm32cube.ide.mcu.externaltools.gnu-tools-for-stm32.12.3.rel1.linux64_1.0.100.202403111256/tools/bin/../lib/gcc/arm-none-eabi/12.3.1/../../../../arm-none-eabi/lib/thumb/v7e-m+fp/hard/libc_nano.a
LOAD /home/sunbeam/st/stm32cubeide_1.15.0/plugins/com.st.stm32cube.ide.mcu.externaltools.gnu-tools-for-stm32.12.3.rel1.linux64_1.0.100.202403111256/tools/bin/../lib/gcc/arm-none-eabi/12.3.1/../../../../arm-none-eabi/lib/thumb/v7e-m+fp/hard/libm.a
END GROUP
START GROUP
LOAD /home/sunbeam/st/stm32cubeide_1.15.0/plugins/com.st.stm32cube.ide.mcu.externaltools.gnu-tools-for-stm32.12.3.rel1.linux64_1.0.100.202403111256/tools/bin/../lib/gcc/arm-none-eabi/12.3.1/thumb/v7e-m+fp/hard/libgcc.a
LOAD /home/sunbeam/st/stm32cubeide_1.15.0/plugins/com.st.stm32cube.ide.mcu.externaltools.gnu-tools-for-stm32.12.3.rel1.linux64_1.0.100.202403111256/tools/bin/../lib/gcc/arm-none-eabi/12.3.1/../../../../arm-none-eabi/lib/thumb/v7e-m+fp/hard/libc_nano.a
END GROUP
START GROUP
LOAD /home/sunbeam/st/stm32cubeide_1.15.0/plugins/com.st.stm32cube.ide.mcu.externaltools.gnu-tools-for-stm32.12.3.rel1.linux64_1.0.100.202403111256/tools/bin/../lib/gcc/arm-none-eabi/12.3.1/thumb/v7e-m+fp/hard/libgcc.a
LOAD /home/sunbeam/st/stm32cubeide_1.15.0/plugins/com.st.stm32cube.ide.mcu.externaltools.gnu-tools-for-stm32.12.3.rel1.linux64_1.0.100.202403111256/tools/bin/../lib/gcc/arm-none-eabi/12.3.1/../../../../arm-none-eabi/lib/thumb/v7e-m+fp/hard/libc_nano.a
LOAD /home/sunbeam/st/stm32cubeide_1.15.0/plugins/com.st.stm32cube.ide.mcu.externaltools.gnu-tools-for-stm32.12.3.rel1.linux64_1.0.100.202403111256/tools/bin/../lib/gcc/arm-none-eabi/12.3.1/../../../../arm-none-eabi/lib/thumb/v7e-m+fp/hard/libnosys.a
END GROUP
START GROUP
LOAD /home/sunbeam/st/stm32cubeide_1.15.0/plugins/com.st.stm32cube.ide.mcu.externaltools.gnu-tools-for-stm32.12.3.rel1.linux64_1.0.100.202403111256/tools/bin/../lib/gcc/arm-none-eabi/12.3.1/thumb/v7e-m+fp/hard/libgcc.a
LOAD /home/sunbeam/st/stm32cubeide_1.15.0/plugins/com.st.stm32cube.ide.mcu.externaltools.gnu-tools-for-stm32.12.3.rel1.linux64_1.0.100.202403111256/tools/bin/../lib/gcc/arm-none-eabi/12.3.1/../../../../arm-none-eabi/lib/thumb/v7e-m+fp/hard/libc_nano.a
LOAD /home/sunbeam/st/stm32cubeide_1.15.0/plugins/com.st.stm32cube.ide.mcu.externaltools.gnu-tools-for-stm32.12.3.rel1.linux64_1.0.100.202403111256/tools/bin/../lib/gcc/arm-none-eabi/12.3.1/../../../../arm-none-eabi/lib/thumb/v7e-m+fp/hard/libnosys.a
END GROUP
LOAD /home/sunbeam/st/stm32cubeide_1.15.0/plugins/com.st.stm32cube.ide.mcu.externaltools.gnu-tools-for-stm32.12.3.rel1.linux64_1.0.100.202403111256/tools/bin/../lib/gcc/arm-none-eabi/12.3.1/thumb/v7e-m+fp/hard/crtend.o
LOAD /home/sunbeam/st/stm32cubeide_1.15.0/plugins/com.st.stm32cube.ide.mcu.externaltools.gnu-tools-for-stm32.12.3.rel1.linux64_1.0.100.202403111256/tools/bin/../lib/gcc/arm-none-eabi/12.3.1/thumb/v7e-m+fp/hard/crtn.o
                0x20020000                        _estack = (ORIGIN (RAM) + LENGTH (RAM))
                0x00000200                        _Min_Heap_Size = 0x200
                0x00000400                        _Min_Stack_Size = 0x400

.isr_vector     0x08000000      0x188
                0x08000000                        . = ALIGN (0x4)
 *(.isr_vector)
 .isr_vector    0x08000000      0x188 ./Startup/startup_stm32f407vgtx.o
                0x08000000                g_pfnVectors
                0x08000188                        . = ALIGN (0x4)

.text           0x08000188      0x460
                0x08000188                        . = ALIGN (0x4)
 *(.text)
 .text          0x08000188       0x40 /home/sunbeam/st/stm32cubeide_1.15.0/plugins/com.st.stm32cube.ide.mcu.externaltools.gnu-tools-for-stm32.12.3.rel1.linux64_1.0.100.202403111256/tools/bin/../lib/gcc/arm-none-eabi/12.3.1/thumb/v7e-m+fp/hard/crtbegin.o
 *(.text*)
 .text.DelayMs  0x080001c8       0x50 ./Src/lcd.o
 .text.LcdBusyWait
                0x08000218       0x50 ./Src/lcd.o
                0x08000218                LcdBusyWait
 .text.LcdWriteNibble
                0x08000268       0x64 ./Src/lcd.o
                0x08000268                LcdWriteNibble
 .text.LcdWrite
                0x080002cc       0x48 ./Src/lcd.o
                0x080002cc                LcdWrite
 .text.LcdInit  0x08000314       0xe4 ./Src/lcd.o
                0x08000314                LcdInit
 .text.LcdPuts  0x080003f8       0x48 ./Src/lcd.o
                0x080003f8                LcdPuts
 .text.DelayMs  0x08000440       0x50 ./Src/main.o
 .text.main     0x08000490       0x38 ./Src/main.o
                0x08000490                main
 .text.SystemInit
                0x080004c8        0xc ./Src/system_stm32f4xx.o
                0x080004c8                SystemInit
 .text.DWT_Init
                0x080004d4       0x60 ./Src/system_stm32f4xx.o
                0x080004d4                DWT_Init
 .text.Reset_Handler
                0x08000534       0x50 ./Startup/startup_stm32f407vgtx.o
                0x08000534                Reset_Handler
 .text.Default_Handler
                0x08000584        0x2 ./Startup/startup_stm32f407vgtx.o
                0x08000584                RTC_Alarm_IRQHandler
                0x08000584                HASH_RNG_IRQHandler
                0x08000584                EXTI2_IRQHandler
                0x08000584                TIM8_CC_IRQHandler
                0x08000584                DebugMon_Handler
                0x08000584                TIM1_CC_IRQHandler
                0x08000584                DMA2_Stream5_IRQHandler
                0x08000584                HardFault_Handler
                0x08000584                DMA1_Stream5_IRQHandler
                0x08000584                SysTick_Handler
                0x08000584                PVD_IRQHandler
                0x08000584                SDIO_IRQHandler
                0x08000584                TAMP_STAMP_IRQHandler
                0x08000584                PendSV_Handler
                0x08000584                NMI_Handler
                0x08000584                CAN2_RX1_IRQHandler
                0x08000584                EXTI3_IRQHandler
                0x08000584                TIM8_TRG_COM_TIM14_IRQHandler
                0x08000584                TIM1_UP_TIM10_IRQHandler
                0x08000584                TIM8_UP_TIM13_IRQHandler
                0x08000584                I2C3_ER_IRQHandler
                0x08000584                EXTI0_IRQHandler
                0x08000584                I2C2_EV_IRQHandler
                0x08000584                DMA1_Stream2_IRQHandler
                0x08000584                CAN1_RX0_IRQHandler
                0x08000584                FPU_IRQHandler
                0x08000584                OTG_HS_WKUP_IRQHandler
                0x08000584                UsageFault_Handler
                0x08000584                CAN2_SCE_IRQHandler
                0x08000584                DMA2_Stream2_IRQHandler
                0x08000584                SPI1_IRQHandler
                0x08000584                TIM6_DAC_IRQHandler
                0x08000584                TIM1_BRK_TIM9_IRQHandler
                0x08000584                DCMI_IRQHandler
                0x08000584                CAN2_RX0_IRQHandler
                0x08000584                DMA2_Stream3_IRQHandler
                0x08000584                USART6_IRQHandler
                0x08000584                USART3_IRQHandler
                0x08000584                CRYP_IRQHandler
                0x08000584                CAN1_RX1_IRQHandler
                0x08000584                UART5_IRQHandler
                0x08000584                DMA2_Stream0_IRQHandler
                0x08000584                TIM4_IRQHandler
                0x08000584                I2C1_EV_IRQHandler
                0x08000584                DMA1_Stream6_IRQHandler
                0x08000584                DMA1_Stream1_IRQHandler
                0x08000584                UART4_IRQHandler
                0x08000584                TIM3_IRQHandler
                0x08000584                RCC_IRQHandler
                0x08000584                TIM8_BRK_TIM12_IRQHandler
                0x08000584                Default_Handler
                0x08000584                EXTI15_10_IRQHandler
                0x08000584                ADC_IRQHandler
                0x08000584                DMA1_Stream7_IRQHandler
                0x08000584                TIM7_IRQHandler
                0x08000584                CAN2_TX_IRQHandler
                0x08000584                TIM5_IRQHandler
                0x08000584                DMA2_Stream7_IRQHandler
                0x08000584                I2C3_EV_IRQHandler
                0x08000584                EXTI9_5_IRQHandler
                0x08000584                RTC_WKUP_IRQHandler
                0x08000584                ETH_WKUP_IRQHandler
                0x08000584                SPI2_IRQHandler
                0x08000584                OTG_HS_EP1_IN_IRQHandler
                0x08000584                MemManage_Handler
                0x08000584                DMA1_Stream0_IRQHandler
                0x08000584                CAN1_TX_IRQHandler
                0x08000584                SVC_Handler
                0x08000584                EXTI4_IRQHandler
                0x08000584                FSMC_IRQHandler
                0x08000584                ETH_IRQHandler
                0x08000584                OTG_HS_EP1_OUT_IRQHandler
                0x08000584                WWDG_IRQHandler
                0x08000584                TIM2_IRQHandler
                0x08000584                OTG_FS_WKUP_IRQHandler
                0x08000584                TIM1_TRG_COM_TIM11_IRQHandler
                0x08000584                OTG_HS_IRQHandler
                0x08000584                EXTI1_IRQHandler
                0x08000584                USART2_IRQHandler
                0x08000584                I2C2_ER_IRQHandler
                0x08000584                DMA2_Stream1_IRQHandler
                0x08000584                CAN1_SCE_IRQHandler
                0x08000584                DMA2_Stream4_IRQHandler
                0x08000584                BusFault_Handler
                0x08000584                USART1_IRQHandler
                0x08000584                OTG_FS_IRQHandler
                0x08000584                SPI3_IRQHandler
                0x08000584                DMA1_Stream4_IRQHandler
                0x08000584                I2C1_ER_IRQHandler
                0x08000584                DMA2_Stream6_IRQHandler
                0x08000584                DMA1_Stream3_IRQHandler
 *fill*         0x08000586        0x2 
 .text.__libc_init_array
                0x08000588       0x48 /home/sunbeam/st/stm32cubeide_1.15.0/plugins/com.st.stm32cube.ide.mcu.externaltools.gnu-tools-for-stm32.12.3.rel1.linux64_1.0.100.202403111256/tools/bin/../lib/gcc/arm-none-eabi/12.3.1/../../../../arm-none-eabi/lib/thumb/v7e-m+fp/hard/libc_nano.a(libc_a-init.o)
                0x08000588                __libc_init_array
 *(.glue_7)
 .glue_7        0x080005d0        0x0 linker stubs
 *(.glue_7t)
 .glue_7t       0x080005d0        0x0 linker stubs
 *(.eh_frame)
 .eh_frame      0x080005d0        0x0 /home/sunbeam/st/stm32cubeide_1.15.0/plugins/com.st.stm32cube.ide.mcu.externaltools.gnu-tools-for-stm32.12.3.rel1.linux64_1.0.100.202403111256/tools/bin/../lib/gcc/arm-none-eabi/12.3.1/thumb/v7e-m+fp/hard/crtbegin.o
 *(.init)
 .init          0x080005d0        0x4 /home/sunbeam/st/stm32cubeide_1.15.0/plugins/com.st.stm32cube.ide.mcu.externaltools.gnu-tools-for-stm32.12.3.rel1.linux64_1.0.100.202403111256/tools/bin/../lib/gcc/arm-none-eabi/12.3.1/thumb/v7e-m+fp/hard/crti.o
                0x080005d0                _init
 .init          0x080005d4        0x8 /home/sunbeam/st/stm32cubeide_1.15.0/plugins/com.st.stm32cube.ide.mcu.externaltools.gnu-tools-for-stm32.12.3.rel1.linux64_1.0.100.202403111256/tools/bin/../lib/gcc/arm-none-eabi/12.3.1/thumb/v7e-m+fp/hard/crtn.o
 *(.fini)
 .fini          0x080005dc        0x4 /home/sunbeam/st/stm32cubeide_1.15.0/plugins/com.st.stm32cube.ide.mcu.externaltools.gnu-tools-for-stm32.12.3.rel1.linux64_1.0.100.202403111256/tools/bin/../lib/gcc/arm-none-eabi/12.3.1/thumb/v7e-m+fp/hard/crti.o
                0x080005dc                _fini
 .fini          0x080005e0        0x8 /home/sunbeam/st/stm32cubeide_1.15.0/plugins/com.st.stm32cube.ide.mcu.externaltools.gnu-tools-for-stm32.12.3.rel1.linux64_1.0.100.202403111256/tools/bin/../lib/gcc/arm-none-eabi/12.3.1/thumb/v7e-m+fp/hard/crtn.o
                0x080005e8                        . = ALIGN (0x4)
                0x080005e8                        _etext = .

.vfp11_veneer   0x080005e8        0x0
 .vfp11_veneer  0x080005e8        0x0 linker stubs

.v4_bx          0x080005e8        0x0
 .v4_bx         0x080005e8        0x0 linker stubs

.iplt           0x080005e8        0x0
 .iplt          0x080005e8        0x0 /home/sunbeam/st/stm32cubeide_1.15.0/plugins/com.st.stm32cube.ide.mcu.externaltools.gnu-tools-for-stm32.12.3.rel1.linux64_1.0.100.202403111256/tools/bin/../lib/gcc/arm-none-eabi/12.3.1/thumb/v7e-m+fp/hard/crtbegin.o

.rodata         0x080005e8       0x24
                0x080005e8                        . = ALIGN (0x4)
 *(.rodata)
 .rodata        0x080005e8       0x21 ./Src/main.o
 *(.rodata*)
                0x0800060c                        . = ALIGN (0x4)
 *fill*         0x08000609        0x3 

.ARM.extab      0x0800060c        0x0
                0x0800060c                        . = ALIGN (0x4)
 *(.ARM.extab* .gnu.linkonce.armextab.*)
                0x0800060c                        . = ALIGN (0x4)

.ARM            0x0800060c        0x0
                0x0800060c                        . = ALIGN (0x4)
                0x0800060c                        __exidx_start = .
 *(.ARM.exidx*)
                0x0800060c                        __exidx_end = .
                0x0800060c                        . = ALIGN (0x4)

.preinit_array  0x0800060c        0x0
                0x0800060c                        . = ALIGN (0x4)
                0x0800060c                        PROVIDE (__preinit_array_start = .)
 *(.preinit_array*)
                0x0800060c                        PROVIDE (__preinit_array_end = .)
                0x0800060c                        . = ALIGN (0x4)

.init_array     0x0800060c        0x4
                0x0800060c                        . = ALIGN (0x4)
                0x0800060c                        PROVIDE (__init_array_start = .)
 *(SORT_BY_NAME(.init_array.*))
 *(.init_array*)
 .init_array    0x0800060c        0x4 /home/sunbeam/st/stm32cubeide_1.15.0/plugins/com.st.stm32cube.ide.mcu.externaltools.gnu-tools-for-stm32.12.3.rel1.linux64_1.0.100.202403111256/tools/bin/../lib/gcc/arm-none-eabi/12.3.1/thumb/v7e-m+fp/hard/crtbegin.o
                0x08000610                        PROVIDE (__init_array_end = .)
                0x08000610                        . = ALIGN (0x4)

.fini_array     0x08000610        0x4
                0x08000610                        . = ALIGN (0x4)
                [!provide]                        PROVIDE (__fini_array_start = .)
 *(SORT_BY_NAME(.fini_array.*))
 *(.fini_array*)
 .fini_array    0x08000610        0x4 /home/sunbeam/st/stm32cubeide_1.15.0/plugins/com.st.stm32cube.ide.mcu.externaltools.gnu-tools-for-stm32.12.3.rel1.linux64_1.0.100.202403111256/tools/bin/../lib/gcc/arm-none-eabi/12.3.1/thumb/v7e-m+fp/hard/crtbegin.o
                [!provide]                        PROVIDE (__fini_array_end = .)
                0x08000614                        . = ALIGN (0x4)
                0x08000614                        _sidata = LOADADDR (.data)

.rel.dyn        0x08000614        0x0
 .rel.iplt      0x08000614        0x0 /home/sunbeam/st/stm32cubeide_1.15.0/plugins/com.st.stm32cube.ide.mcu.externaltools.gnu-tools-for-stm32.12.3.rel1.linux64_1.0.100.202403111256/tools/bin/../lib/gcc/arm-none-eabi/12.3.1/thumb/v7e-m+fp/hard/crtbegin.o

.data           0x20000000        0x4 load address 0x08000614
                0x20000000                        . = ALIGN (0x4)
                0x20000000                        _sdata = .
 *(.data)
 *(.data*)
 .data.SystemCoreClock
                0x20000000        0x4 ./Src/system_stm32f4xx.o
                0x20000000                SystemCoreClock
 *(.RamFunc)
 *(.RamFunc*)
                0x20000004                        . = ALIGN (0x4)
                0x20000004                        _edata = .
                0x08000618                        _siccmram = LOADADDR (.ccmram)

.igot.plt       0x20000004        0x0 load address 0x08000618
 .igot.plt      0x20000004        0x0 /home/sunbeam/st/stm32cubeide_1.15.0/plugins/com.st.stm32cube.ide.mcu.externaltools.gnu-tools-for-stm32.12.3.rel1.linux64_1.0.100.202403111256/tools/bin/../lib/gcc/arm-none-eabi/12.3.1/thumb/v7e-m+fp/hard/crtbegin.o

.ccmram         0x10000000        0x0 load address 0x08000618
                0x10000000                        . = ALIGN (0x4)
                0x10000000                        _sccmram = .
 *(.ccmram)
 *(.ccmram*)
                0x10000000                        . = ALIGN (0x4)
                0x10000000                        _eccmram = .
                0x10000000                        . = ALIGN (0x4)

.bss            0x20000004       0x1c
                0x20000004                        _sbss = .
                0x20000004                        __bss_start__ = _sbss
 *(.bss)
 .bss           0x20000004       0x1c /home/sunbeam/st/stm32cubeide_1.15.0/plugins/com.st.stm32cube.ide.mcu.externaltools.gnu-tools-for-stm32.12.3.rel1.linux64_1.0.100.202403111256/tools/bin/../lib/gcc/arm-none-eabi/12.3.1/thumb/v7e-m+fp/hard/crtbegin.o
 *(.bss*)
 *(COMMON)
                0x20000020                        . = ALIGN (0x4)
                0x20000020                        _ebss = .
                0x20000020                        __bss_end__ = _ebss

._user_heap_stack
                0x20000020      0x600
                0x20000020                        . = ALIGN (0x8)
                [!provide]                        PROVIDE (end = .)
                0x20000020                        PROVIDE (_end = .)
                0x20000220                        . = (. + _Min_Heap_Size)
 *fill*         0x20000020      0x200 
                0x20000620                        . = (. + _Min_Stack_Size)
 *fill*         0x20000220      0x400 
                0x20000620                        . = ALIGN (0x8)

/DISCARD/
 libc.a(*)
 libm.a(*)
 libgcc.a(*)

.ARM.attributes
                0x00000000       0x30
 *(.ARM.attributes)
 .ARM.attributes
                0x00000000       0x22 /home/sunbeam/st/stm32cubeide_1.15.0/plugins/com.st.stm32cube.ide.mcu.externaltools.gnu-tools-for-stm32.12.3.rel1.linux64_1.0.100.202403111256/tools/bin/../lib/gcc/arm-none-eabi/12.3.1/thumb/v7e-m+fp/hard/crti.o
 .ARM.attributes
                0x00000022       0x34 /home/sunbeam/st/stm32cubeide_1.15.0/plugins/com.st.stm32cube.ide.mcu.externaltools.gnu-tools-for-stm32.12.3.rel1.linux64_1.0.100.202403111256/tools/bin/../lib/gcc/arm-none-eabi/12.3.1/thumb/v7e-m+fp/hard/crtbegin.o
 .ARM.attributes
                0x00000056       0x34 ./Src/lcd.o
 .ARM.attributes
                0x0000008a       0x34 ./Src/main.o
 .ARM.attributes
                0x000000be       0x34 ./Src/system_stm32f4xx.o
 .ARM.attributes
                0x000000f2       0x21 ./Startup/startup_stm32f407vgtx.o
 .ARM.attributes
                0x00000113       0x34 /home/sunbeam/st/stm32cubeide_1.15.0/plugins/com.st.stm32cube.ide.mcu.externaltools.gnu-tools-for-stm32.12.3.rel1.linux64_1.0.100.202403111256/tools/bin/../lib/gcc/arm-none-eabi/12.3.1/../../../../arm-none-eabi/lib/thumb/v7e-m+fp/hard/libc_nano.a(libc_a-init.o)
 .ARM.attributes
                0x00000147       0x22 /home/sunbeam/st/stm32cubeide_1.15.0/plugins/com.st.stm32cube.ide.mcu.externaltools.gnu-tools-for-stm32.12.3.rel1.linux64_1.0.100.202403111256/tools/bin/../lib/gcc/arm-none-eabi/12.3.1/thumb/v7e-m+fp/hard/crtn.o
OUTPUT(lcd.elf elf32-littlearm)
LOAD linker stubs
LOAD /home/sunbeam/st/stm32cubeide_1.15.0/plugins/com.st.stm32cube.ide.mcu.externaltools.gnu-tools-for-stm32.12.3.rel1.linux64_1.0.100.202403111256/tools/bin/../lib/gcc/arm-none-eabi/12.3.1/../../../../arm-none-eabi/lib/thumb/v7e-m+fp/hard/libc.a
LOAD /home/sunbeam/st/stm32cubeide_1.15.0/plugins/com.st.stm32cube.ide.mcu.externaltools.gnu-tools-for-stm32.12.3.rel1.linux64_1.0.100.202403111256/tools/bin/../lib/gcc/arm-none-eabi/12.3.1/../../../../arm-none-eabi/lib/thumb/v7e-m+fp/hard/libm.a
LOAD /home/sunbeam/st/stm32cubeide_1.15.0/plugins/com.st.stm32cube.ide.mcu.externaltools.gnu-tools-for-stm32.12.3.rel1.linux64_1.0.100.202403111256/tools/bin/../lib/gcc/arm-none-eabi/12.3.1/thumb/v7e-m+fp/hard/libgcc.a

.debug_info     0x00000000      0xdc7
 .debug_info    0x00000000      0x5c9 ./Src/lcd.o
 .debug_info    0x000005c9      0x292 ./Src/main.o
 .debug_info    0x0000085b      0x53c ./Src/system_stm32f4xx.o
 .debug_info    0x00000d97       0x30 ./Startup/startup_stm32f407vgtx.o

.debug_abbrev   0x00000000      0x413
 .debug_abbrev  0x00000000      0x168 ./Src/lcd.o
 .debug_abbrev  0x00000168      0x12f ./Src/main.o
 .debug_abbrev  0x00000297      0x158 ./Src/system_stm32f4xx.o
 .debug_abbrev  0x000003ef       0x24 ./Startup/startup_stm32f407vgtx.o

.debug_aranges  0x00000000       0xd0
 .debug_aranges
                0x00000000       0x48 ./Src/lcd.o
 .debug_aranges
                0x00000048       0x28 ./Src/main.o
 .debug_aranges
                0x00000070       0x38 ./Src/system_stm32f4xx.o
 .debug_aranges
                0x000000a8       0x28 ./Startup/startup_stm32f407vgtx.o

.debug_rnglists
                0x00000000       0x8a
 .debug_rnglists
                0x00000000       0x32 ./Src/lcd.o
 .debug_rnglists
                0x00000032       0x19 ./Src/main.o
 .debug_rnglists
                0x0000004b       0x26 ./Src/system_stm32f4xx.o
 .debug_rnglists
                0x00000071       0x19 ./Startup/startup_stm32f407vgtx.o

.debug_macro    0x00000000    0x18042
 .debug_macro   0x00000000       0xdc ./Src/lcd.o
 .debug_macro   0x000000dc       0x2e ./Src/lcd.o
 .debug_macro   0x0000010a       0x2f ./Src/lcd.o
 .debug_macro   0x00000139       0x1c ./Src/lcd.o
 .debug_macro   0x00000155       0x22 ./Src/lcd.o
 .debug_macro   0x00000177       0xd9 ./Src/lcd.o
 .debug_macro   0x00000250     0x102d ./Src/lcd.o
 .debug_macro   0x0000127d      0x11f ./Src/lcd.o
 .debug_macro   0x0000139c       0x11 ./Src/lcd.o
 .debug_macro   0x000013ad    0x15e3c ./Src/lcd.o
 .debug_macro   0x000171e9       0x4a ./Src/lcd.o
 .debug_macro   0x00017233       0xac ./Src/lcd.o
 .debug_macro   0x000172df      0x1c1 ./Src/main.o
 .debug_macro   0x000174a0       0x61 ./Src/main.o
 .debug_macro   0x00017501       0x2a ./Src/main.o
 .debug_macro   0x0001752b       0x43 ./Src/main.o
 .debug_macro   0x0001756e       0x34 ./Src/main.o
 .debug_macro   0x000175a2       0x16 ./Src/main.o
 .debug_macro   0x000175b8       0x9e ./Src/main.o
 .debug_macro   0x00017656      0x369 ./Src/main.o
 .debug_macro   0x000179bf      0x10b ./Src/main.o
 .debug_macro   0x00017aca       0x10 ./Src/main.o
 .debug_macro   0x00017ada       0x16 ./Src/main.o
 .debug_macro   0x00017af0       0x43 ./Src/main.o
 .debug_macro   0x00017b33       0x34 ./Src/main.o
 .debug_macro   0x00017b67       0x10 ./Src/main.o
 .debug_macro   0x00017b77       0x58 ./Src/main.o
 .debug_macro   0x00017bcf       0x8e ./Src/main.o
 .debug_macro   0x00017c5d       0x1c ./Src/main.o
 .debug_macro   0x00017c79      0x177 ./Src/main.o
 .debug_macro   0x00017df0       0x16 ./Src/main.o
 .debug_macro   0x00017e06       0x16 ./Src/main.o
 .debug_macro   0x00017e1c      0x146 ./Src/main.o
 .debug_macro   0x00017f62       0xe0 ./Src/system_stm32f4xx.o

.debug_line     0x00000000     0x10bc
 .debug_line    0x00000000      0x592 ./Src/lcd.o
 .debug_line    0x00000592      0x5b5 ./Src/main.o
 .debug_line    0x00000b47      0x4fa ./Src/system_stm32f4xx.o
 .debug_line    0x00001041       0x7b ./Startup/startup_stm32f407vgtx.o

.debug_str      0x00000000    0x8b901
 .debug_str     0x00000000    0x87dc5 ./Src/lcd.o
                              0x87f4e (size before relaxing)
 .debug_str     0x00087dc5     0x3a0f ./Src/main.o
                              0x8b897 (size before relaxing)
 .debug_str     0x0008b7d4       0xee ./Src/system_stm32f4xx.o
                              0x87de0 (size before relaxing)
 .debug_str     0x0008b8c2       0x3f ./Startup/startup_stm32f407vgtx.o
                                 0x75 (size before relaxing)

.comment        0x00000000       0x43
 .comment       0x00000000       0x43 ./Src/lcd.o
                                 0x44 (size before relaxing)
 .comment       0x00000043       0x44 ./Src/main.o
 .comment       0x00000043       0x44 ./Src/system_stm32f4xx.o

.debug_frame    0x00000000      0x1ec
 .debug_frame   0x00000000       0xe8 ./Src/lcd.o
 .debug_frame   0x000000e8       0x54 ./Src/main.o
 .debug_frame   0x0000013c       0x84 ./Src/system_stm32f4xx.o
 .debug_frame   0x000001c0       0x2c /home/sunbeam/st/stm32cubeide_1.15.0/plugins/com.st.stm32cube.ide.mcu.externaltools.gnu-tools-for-stm32.12.3.rel1.linux64_1.0.100.202403111256/tools/bin/../lib/gcc/arm-none-eabi/12.3.1/../../../../arm-none-eabi/lib/thumb/v7e-m+fp/hard/libc_nano.a(libc_a-init.o)

.debug_loclists
                0x00000000       0x1f
 .debug_loclists
                0x00000000       0x1f ./Src/system_stm32f4xx.o

.debug_line_str
                0x00000000       0x59
 .debug_line_str
                0x00000000       0x59 ./Startup/startup_stm32f407vgtx.o
