Archive member included to satisfy reference by file (symbol)

/home/sunbeam/st/stm32cubeide_1.15.0/plugins/com.st.stm32cube.ide.mcu.externaltools.gnu-tools-for-stm32.12.3.rel1.linux64_1.0.100.202403111256/tools/bin/../lib/gcc/arm-none-eabi/12.3.1/../../../../arm-none-eabi/lib/thumb/v7e-m+fp/hard/libc_nano.a(libc_a-exit.o)
                              /home/sunbeam/st/stm32cubeide_1.15.0/plugins/com.st.stm32cube.ide.mcu.externaltools.gnu-tools-for-stm32.12.3.rel1.linux64_1.0.100.202403111256/tools/bin/../lib/gcc/arm-none-eabi/12.3.1/../../../../arm-none-eabi/lib/thumb/v7e-m+fp/hard/crt0.o (exit)
/home/sunbeam/st/stm32cubeide_1.15.0/plugins/com.st.stm32cube.ide.mcu.externaltools.gnu-tools-for-stm32.12.3.rel1.linux64_1.0.100.202403111256/tools/bin/../lib/gcc/arm-none-eabi/12.3.1/../../../../arm-none-eabi/lib/thumb/v7e-m+fp/hard/libc_nano.a(libc_a-findfp.o)
                              /home/sunbeam/st/stm32cubeide_1.15.0/plugins/com.st.stm32cube.ide.mcu.externaltools.gnu-tools-for-stm32.12.3.rel1.linux64_1.0.100.202403111256/tools/bin/../lib/gcc/arm-none-eabi/12.3.1/../../../../arm-none-eabi/lib/thumb/v7e-m+fp/hard/libc_nano.a(libc_a-exit.o) (__stdio_exit_handler)
/home/sunbeam/st/stm32cubeide_1.15.0/plugins/com.st.stm32cube.ide.mcu.externaltools.gnu-tools-for-stm32.12.3.rel1.linux64_1.0.100.202403111256/tools/bin/../lib/gcc/arm-none-eabi/12.3.1/../../../../arm-none-eabi/lib/thumb/v7e-m+fp/hard/libc_nano.a(libc_a-fwalk.o)
                              /home/sunbeam/st/stm32cubeide_1.15.0/plugins/com.st.stm32cube.ide.mcu.externaltools.gnu-tools-for-stm32.12.3.rel1.linux64_1.0.100.202403111256/tools/bin/../lib/gcc/arm-none-eabi/12.3.1/../../../../arm-none-eabi/lib/thumb/v7e-m+fp/hard/libc_nano.a(libc_a-findfp.o) (_fwalk_sglue)
/home/sunbeam/st/stm32cubeide_1.15.0/plugins/com.st.stm32cube.ide.mcu.externaltools.gnu-tools-for-stm32.12.3.rel1.linux64_1.0.100.202403111256/tools/bin/../lib/gcc/arm-none-eabi/12.3.1/../../../../arm-none-eabi/lib/thumb/v7e-m+fp/hard/libc_nano.a(libc_a-sprintf.o)
                              ./Src/main.o (sprintf)
/home/sunbeam/st/stm32cubeide_1.15.0/plugins/com.st.stm32cube.ide.mcu.externaltools.gnu-tools-for-stm32.12.3.rel1.linux64_1.0.100.202403111256/tools/bin/../lib/gcc/arm-none-eabi/12.3.1/../../../../arm-none-eabi/lib/thumb/v7e-m+fp/hard/libc_nano.a(libc_a-stdio.o)
                              /home/sunbeam/st/stm32cubeide_1.15.0/plugins/com.st.stm32cube.ide.mcu.externaltools.gnu-tools-for-stm32.12.3.rel1.linux64_1.0.100.202403111256/tools/bin/../lib/gcc/arm-none-eabi/12.3.1/../../../../arm-none-eabi/lib/thumb/v7e-m+fp/hard/libc_nano.a(libc_a-findfp.o) (__sread)
/home/sunbeam/st/stm32cubeide_1.15.0/plugins/com.st.stm32cube.ide.mcu.externaltools.gnu-tools-for-stm32.12.3.rel1.linux64_1.0.100.202403111256/tools/bin/../lib/gcc/arm-none-eabi/12.3.1/../../../../arm-none-eabi/lib/thumb/v7e-m+fp/hard/libc_nano.a(libc_a-memset.o)
                              /home/sunbeam/st/stm32cubeide_1.15.0/plugins/com.st.stm32cube.ide.mcu.externaltools.gnu-tools-for-stm32.12.3.rel1.linux64_1.0.100.202403111256/tools/bin/../lib/gcc/arm-none-eabi/12.3.1/../../../../arm-none-eabi/lib/thumb/v7e-m+fp/hard/crt0.o (memset)
/home/sunbeam/st/stm32cubeide_1.15.0/plugins/com.st.stm32cube.ide.mcu.externaltools.gnu-tools-for-stm32.12.3.rel1.linux64_1.0.100.202403111256/tools/bin/../lib/gcc/arm-none-eabi/12.3.1/../../../../arm-none-eabi/lib/thumb/v7e-m+fp/hard/libc_nano.a(libc_a-closer.o)
                              /home/sunbeam/st/stm32cubeide_1.15.0/plugins/com.st.stm32cube.ide.mcu.externaltools.gnu-tools-for-stm32.12.3.rel1.linux64_1.0.100.202403111256/tools/bin/../lib/gcc/arm-none-eabi/12.3.1/../../../../arm-none-eabi/lib/thumb/v7e-m+fp/hard/libc_nano.a(libc_a-stdio.o) (_close_r)
/home/sunbeam/st/stm32cubeide_1.15.0/plugins/com.st.stm32cube.ide.mcu.externaltools.gnu-tools-for-stm32.12.3.rel1.linux64_1.0.100.202403111256/tools/bin/../lib/gcc/arm-none-eabi/12.3.1/../../../../arm-none-eabi/lib/thumb/v7e-m+fp/hard/libc_nano.a(libc_a-reent.o)
                              /home/sunbeam/st/stm32cubeide_1.15.0/plugins/com.st.stm32cube.ide.mcu.externaltools.gnu-tools-for-stm32.12.3.rel1.linux64_1.0.100.202403111256/tools/bin/../lib/gcc/arm-none-eabi/12.3.1/../../../../arm-none-eabi/lib/thumb/v7e-m+fp/hard/libc_nano.a(libc_a-closer.o) (errno)
/home/sunbeam/st/stm32cubeide_1.15.0/plugins/com.st.stm32cube.ide.mcu.externaltools.gnu-tools-for-stm32.12.3.rel1.linux64_1.0.100.202403111256/tools/bin/../lib/gcc/arm-none-eabi/12.3.1/../../../../arm-none-eabi/lib/thumb/v7e-m+fp/hard/libc_nano.a(libc_a-impure.o)
                              /home/sunbeam/st/stm32cubeide_1.15.0/plugins/com.st.stm32cube.ide.mcu.externaltools.gnu-tools-for-stm32.12.3.rel1.linux64_1.0.100.202403111256/tools/bin/../lib/gcc/arm-none-eabi/12.3.1/../../../../arm-none-eabi/lib/thumb/v7e-m+fp/hard/libc_nano.a(libc_a-sprintf.o) (_impure_ptr)
[...]
Memory Configuration

Name             Origin             Length             Attributes
CCMRAM           0x10000000         0x00010000         xrw
RAM              0x20000000         0x00020000         xrw
FLASH            0x08000000         0x00100000         xr
*default*        0x00000000         0xffffffff

Linker script and memory map

LOAD /home/sunbeam/st/stm32cubeide_1.15.0/plugins/com.st.stm32cube.ide.mcu.externaltools.gnu-tools-for-stm32.12.3.rel1.linux64_1.0.100.202403111256/tools/bin/../lib/gcc/arm-none-eabi/12.3.1/thumb/v7e-m+fp/hard/crti.o
LOAD /home/sunbeam/st/stm32cubeide_1.15.0/plugins/com.st.stm32cube.ide.mcu.externaltools.gnu-tools-for-stm32.12.3.rel1.linux64_1.0.100.202403111256/tools/bin/../lib/gcc/arm-none-eabi/12.3.1/thumb/v7e-m+fp/hard/crtbegin.o
LOAD /home/sunbeam/st/stm32cubeide_1.15.0/plugins/com.st.stm32cube.ide.mcu.externaltools.gnu-tools-for-stm32.12.3.rel1.linux64_1.0.100.202403111256/tools/bin/../lib/gcc/arm-none-eabi/12.3.1/../../../../arm-none-eabi/lib/thumb/v7e-m+fp/hard/crt0.o
LOAD ./Src/itm.o
LOAD ./Src/lcd.o
LOAD ./Src/main.o
LOAD ./Src/switch.o
LOAD ./Src/syscalls.o
LOAD ./Src/sysmem.o
LOAD ./Src/system_stm32f4xx.o
LOAD ./Startup/startup_stm32f407vgtx.o
START GROUP
LOAD /home/sunbeam/st/stm32cubeide_1.15.0/plugins/com.st.stm32cube.ide.mcu.externaltools.gnu-tools-for-stm32.12.3.rel1.linux64_1.0.100.202403111256/tools/bin/../lib/gcc/arm-none-eabi/12.3.1/../../../../arm-none-eabi/lib/thumb/v7e-m+fp/hard/libc_nano.a
LOAD /home/sunbeam/st/stm32cubeide_1.15.0/plugins/com.st.stm32cube.ide.mcu.externaltools.gnu-tools-for-stm32.12.3.rel1.linux64_1.0.100.202403111256/tools/bin/../lib/gcc/arm-none-eabi/12.3.1/../../../../arm-none-eabi/lib/thumb/v7e-m+fp/hard/libm.a
END GROUP
START GROUP
LOAD /home/sunbeam/st/stm32cubeide_1.15.0/plugins/com.st.stm32cube.ide.mcu.externaltools.gnu-tools-for-stm32.12.3.rel1.linux64_1.0.100.202403111256/tools/bin/../lib/gcc/arm-none-eabi/12.3.1/thumb/v7e-m+fp/hard/libgcc.a
LOAD /home/sunbeam/st/stm32cubeide_1.15.0/plugins/com.st.stm32cube.ide.mcu.externaltools.gnu-tools-for-stm32.12.3.rel1.linux64_1.0.100.202403111256/tools/bin/../lib/gcc/arm-none-eabi/12.3.1/../../../../arm-none-eabi/lib/thumb/v7e-m+fp/hard/libc_nano.a
END GROUP
START GROUP
LOAD /home/sunbeam/st/stm32cubeide_1.15.0/plugins/com.st.stm32cube.ide.mcu.externaltools.gnu-tools-for-stm32.12.3.rel1.linux64_1.0.100.202403111256/tools/bin/../lib/gcc/arm-none-eabi/12.3.1/thumb/v7e-m+fp/hard/libgcc.a
LOAD /home/sunbeam/st/stm32cubeide_1.15.0/plugins/com.st.stm32cube.ide.mcu.externaltools.gnu-tools-for-stm32.12.3.rel1.linux64_1.0.100.202403111256/tools/bin/../lib/gcc/arm-none-eabi/12.3.1/../../../../arm-none-eabi/lib/thumb/v7e-m+fp/hard/libc_nano.a
LOAD /home/sunbeam/st/stm32cubeide_1.15.0/plugins/com.st.stm32cube.ide.mcu.externaltools.gnu-tools-for-stm32.12.3.rel1.linux64_1.0.100.202403111256/tools/bin/../lib/gcc/arm-none-eabi/12.3.1/../../../../arm-none-eabi/lib/thumb/v7e-m+fp/hard/libnosys.a
END GROUP
START GROUP
LOAD /home/sunbeam/st/stm32cubeide_1.15.0/plugins/com.st.stm32cube.ide.mcu.externaltools.gnu-tools-for-stm32.12.3.rel1.linux64_1.0.100.202403111256/tools/bin/../lib/gcc/arm-none-eabi/12.3.1/thumb/v7e-m+fp/hard/libgcc.a
LOAD /home/sunbeam/st/stm32cubeide_1.15.0/plugins/com.st.stm32cube.ide.mcu.externaltools.gnu-tools-for-stm32.12.3.rel1.linux64_1.0.100.202403111256/tools/bin/../lib/gcc/arm-none-eabi/12.3.1/../../../../arm-none-eabi/lib/thumb/v7e-m+fp/hard/libc_nano.a
LOAD /home/sunbeam/st/stm32cubeide_1.15.0/plugins/com.st.stm32cube.ide.mcu.externaltools.gnu-tools-for-stm32.12.3.rel1.linux64_1.0.100.202403111256/tools/bin/../lib/gcc/arm-none-eabi/12.3.1/../../../../arm-none-eabi/lib/thumb/v7e-m+fp/hard/libnosys.a
END GROUP
LOAD /home/sunbeam/st/stm32cubeide_1.15.0/plugins/com.st.stm32cube.ide.mcu.externaltools.gnu-tools-for-stm32.12.3.rel1.linux64_1.0.100.202403111256/tools/bin/../lib/gcc/arm-none-eabi/12.3.1/thumb/v7e-m+fp/hard/crtend.o
LOAD /home/sunbeam/st/stm32cubeide_1.15.0/plugins/com.st.stm32cube.ide.mcu.externaltools.gnu-tools-for-stm32.12.3.rel1.linux64_1.0.100.202403111256/tools/bin/../lib/gcc/arm-none-eabi/12.3.1/thumb/v7e-m+fp/hard/crtn.o
                0x20020000                        _estack = (ORIGIN (RAM) + LENGTH (RAM))
                0x00000200                        _Min_Heap_Size = 0x200
                0x00000400                        _Min_Stack_Size = 0x400

.isr_vector     0x08000000      0x1a8
                0x08000000                        . = ALIGN (0x4)
 *(.isr_vector)
 .isr_vector    0x08000000      0x1a8 ./Startup/startup_stm32f407vgtx.o
                0x08000000                g_pfnVectors
                0x080001a8                        . = ALIGN (0x4)

.text           0x080001b0      0xf4c
                0x080001b0                        . = ALIGN (0x4)
 *(.text)
 .text          0x080001b0       0x40 /home/sunbeam/st/stm32cubeide_1.15.0/plugins/com.st.stm32cube.ide.mcu.externaltools.gnu-tools-for-stm32.12.3.rel1.linux64_1.0.100.202403111256/tools/bin/../lib/gcc/arm-none-eabi/12.3.1/thumb/v7e-m+fp/hard/crtbegin.o
 .text          0x080001f0       0xa0 /home/sunbeam/st/stm32cubeide_1.15.0/plugins/com.st.stm32cube.ide.mcu.externaltools.gnu-tools-for-stm32.12.3.rel1.linux64_1.0.100.202403111256/tools/bin/../lib/gcc/arm-none-eabi/12.3.1/../../../../arm-none-eabi/lib/thumb/v7e-m+fp/hard/libc_nano.a(libc_a-memchr.o)
                0x080001f0                memchr
 *(.text*)
 .text.DelayMs  0x08000290       0x50 ./Src/lcd.o
 .text.LcdBusyWait
                0x080002e0       0x50 ./Src/lcd.o
                0x080002e0                LcdBusyWait
 .text.LcdWriteNibble
                0x08000330       0x64 ./Src/lcd.o
                0x08000330                LcdWriteNibble
 .text.LcdWrite
                0x08000394       0x48 ./Src/lcd.o
                0x08000394                LcdWrite
 .text.LcdInit  0x080003dc       0xe4 ./Src/lcd.o
                0x080003dc                LcdInit
 .text.LcdPuts  0x080004c0       0x48 ./Src/lcd.o
                0x080004c0                LcdPuts
 .text.main     0x08000508       0x58 ./Src/main.o
                0x08000508                main
 .text.__NVIC_EnableIRQ
                0x08000560       0x3c ./Src/switch.o
 .text.SwitchInit
                0x0800059c       0xc4 ./Src/switch.o
                0x0800059c                SwitchInit
 .text.EXTI0_IRQHandler
                0x08000660       0x28 ./Src/switch.o
                0x08000660                EXTI0_IRQHandler
 .text._sbrk    0x08000688       0x6c ./Src/sysmem.o
                0x08000688                _sbrk
 .text.SystemInit
                0x080006f4        0xc ./Src/system_stm32f4xx.o
                0x080006f4                SystemInit
 .text.DWT_Init
                0x08000700       0x60 ./Src/system_stm32f4xx.o
                0x08000700                DWT_Init
 .text.Reset_Handler
                0x08000760       0x50 ./Startup/startup_stm32f407vgtx.o
                0x08000760                Reset_Handler
 .text.Default_Handler
                0x080007b0        0x2 ./Startup/startup_stm32f407vgtx.o
                0x080007b0                RTC_Alarm_IRQHandler
                0x080007b0                HASH_RNG_IRQHandler
                0x080007b0                EXTI2_IRQHandler
                0x080007b0                TIM8_CC_IRQHandler
                0x080007b0                DebugMon_Handler
                0x080007b0                TIM1_CC_IRQHandler
                0x080007b0                DMA2_Stream5_IRQHandler
                0x080007b0                HardFault_Handler
                0x080007b0                DMA1_Stream5_IRQHandler
                0x080007b0                SysTick_Handler
                0x080007b0                PVD_IRQHandler
                0x080007b0                SDIO_IRQHandler
                0x080007b0                TAMP_STAMP_IRQHandler
                0x080007b0                PendSV_Handler
                0x080007b0                NMI_Handler
                0x080007b0                CAN2_RX1_IRQHandler
                0x080007b0                EXTI3_IRQHandler
                0x080007b0                TIM8_TRG_COM_TIM14_IRQHandler
                0x080007b0                TIM1_UP_TIM10_IRQHandler
                0x080007b0                TIM8_UP_TIM13_IRQHandler
                0x080007b0                I2C3_ER_IRQHandler
                0x080007b0                LCD_TFT_IRQHandler
                0x080007b0                I2C2_EV_IRQHandler
                0x080007b0                DMA1_Stream2_IRQHandler
                0x080007b0                CAN1_RX0_IRQHandler
                0x080007b0                FPU_IRQHandler
                0x080007b0                OTG_HS_WKUP_IRQHandler
                0x080007b0                UsageFault_Handler
                0x080007b0                CAN2_SCE_IRQHandler
                0x080007b0                DMA2_Stream2_IRQHandler
                0x080007b0                SPI1_IRQHandler
                0x080007b0                TIM6_DAC_IRQHandler
                0x080007b0                TIM1_BRK_TIM9_IRQHandler
                0x080007b0                DCMI_IRQHandler
                0x080007b0                CAN2_RX0_IRQHandler
                0x080007b0                DMA2_Stream3_IRQHandler
                0x080007b0                USART6_IRQHandler
                0x080007b0                USART3_IRQHandler
                0x080007b0                CRYP_IRQHandler
                0x080007b0                CAN1_RX1_IRQHandler
                0x080007b0                UART5_IRQHandler
                0x080007b0                DMA2_Stream0_IRQHandler
                0x080007b0                TIM4_IRQHandler
                0x080007b0                I2C1_EV_IRQHandler
                0x080007b0                DMA1_Stream6_IRQHandler
                0x080007b0                DMA1_Stream1_IRQHandler
                0x080007b0                UART4_IRQHandler
                0x080007b0                LCD_TFT_1_IRQHandler
                0x080007b0                TIM3_IRQHandler
                0x080007b0                RCC_IRQHandler
                0x080007b0                TIM8_BRK_TIM12_IRQHandler
                0x080007b0                Default_Handler
                0x080007b0                EXTI15_10_IRQHandler
                0x080007b0                ADC_IRQHandler
                0x080007b0                DMA1_Stream7_IRQHandler
                0x080007b0                TIM7_IRQHandler
                0x080007b0                CAN2_TX_IRQHandler
                0x080007b0                TIM5_IRQHandler
                0x080007b0                DMA2_Stream7_IRQHandler
                0x080007b0                I2C3_EV_IRQHandler
                0x080007b0                EXTI9_5_IRQHandler
                0x080007b0                RTC_WKUP_IRQHandler
                0x080007b0                ETH_WKUP_IRQHandler
                0x080007b0                SPI2_IRQHandler
                0x080007b0                OTG_HS_EP1_IN_IRQHandler
                0x080007b0                MemManage_Handler
                0x080007b0                DMA1_Stream0_IRQHandler
                0x080007b0                CAN1_TX_IRQHandler
                0x080007b0                SVC_Handler
                0x080007b0                EXTI4_IRQHandler
                0x080007b0                FSMC_IRQHandler
                0x080007b0                ETH_IRQHandler
                0x080007b0                OTG_HS_EP1_OUT_IRQHandler
                0x080007b0                WWDG_IRQHandler
                0x080007b0                TIM2_IRQHandler
                0x080007b0                OTG_FS_WKUP_IRQHandler
                0x080007b0                TIM1_TRG_COM_TIM11_IRQHandler
                0x080007b0                OTG_HS_IRQHandler
                0x080007b0                EXTI1_IRQHandler
                0x080007b0                USART2_IRQHandler
                0x080007b0                I2C2_ER_IRQHandler
                0x080007b0                DMA2_Stream1_IRQHandler
                0x080007b0                CAN1_SCE_IRQHandler
                0x080007b0                DMA2_Stream4_IRQHandler
                0x080007b0                BusFault_Handler
                0x080007b0                USART1_IRQHandler
                0x080007b0                OTG_FS_IRQHandler
                0x080007b0                SPI3_IRQHandler
                0x080007b0                DMA1_Stream4_IRQHandler
                0x080007b0                I2C1_ER_IRQHandler
                0x080007b0                DMA2_Stream6_IRQHandler
                0x080007b0                DMA1_Stream3_IRQHandler
 *fill*         0x080007b2        0x2 
 .text.sprintf  0x080007b4       0x40 /home/sunbeam/st/stm32cubeide_1.15.0/plugins/com.st.stm32cube.ide.mcu.externaltools.gnu-tools-for-stm32.12.3.rel1.linux64_1.0.100.202403111256/tools/bin/../lib/gcc/arm-none-eabi/12.3.1/../../../../arm-none-eabi/lib/thumb/v7e-m+fp/hard/libc_nano.a(libc_a-sprintf.o)
                0x080007b4                sprintf
                0x080007b4                siprintf
 .text.__errno  0x080007f4        0xc /home/sunbeam/st/stm32cubeide_1.15.0/plugins/com.st.stm32cube.ide.mcu.externaltools.gnu-tools-for-stm32.12.3.rel1.linux64_1.0.100.202403111256/tools/bin/../lib/gcc/arm-none-eabi/12.3.1/../../../../arm-none-eabi/lib/thumb/v7e-m+fp/hard/libc_nano.a(libc_a-errno.o)
                0x080007f4                __errno
 .text.__libc_init_array
                0x08000800       0x48 /home/sunbeam/st/stm32cubeide_1.15.0/plugins/com.st.stm32cube.ide.mcu.externaltools.gnu-tools-for-stm32.12.3.rel1.linux64_1.0.100.202403111256/tools/bin/../lib/gcc/arm-none-eabi/12.3.1/../../../../arm-none-eabi/lib/thumb/v7e-m+fp/hard/libc_nano.a(libc_a-init.o)
                0x08000800                __libc_init_array
 .text.__retarget_lock_acquire_recursive
                0x08000848        0x2 /home/sunbeam/st/stm32cubeide_1.15.0/plugins/com.st.stm32cube.ide.mcu.externaltools.gnu-tools-for-stm32.12.3.rel1.linux64_1.0.100.202403111256/tools/bin/../lib/gcc/arm-none-eabi/12.3.1/../../../../arm-none-eabi/lib/thumb/v7e-m+fp/hard/libc_nano.a(libc_a-lock.o)
                0x08000848                __retarget_lock_acquire_recursive
 .text.__retarget_lock_release_recursive
                0x0800084a        0x2 /home/sunbeam/st/stm32cubeide_1.15.0/plugins/com.st.stm32cube.ide.mcu.externaltools.gnu-tools-for-stm32.12.3.rel1.linux64_1.0.100.202403111256/tools/bin/../lib/gcc/arm-none-eabi/12.3.1/../../../../arm-none-eabi/lib/thumb/v7e-m+fp/hard/libc_nano.a(libc_a-lock.o)
                0x0800084a                __retarget_lock_release_recursive
 .text._free_r  0x0800084c       0x94 /home/sunbeam/st/stm32cubeide_1.15.0/plugins/com.st.stm32cube.ide.mcu.externaltools.gnu-tools-for-stm32.12.3.rel1.linux64_1.0.100.202403111256/tools/bin/../lib/gcc/arm-none-eabi/12.3.1/../../../../arm-none-eabi/lib/thumb/v7e-m+fp/hard/libc_nano.a(libc_a-freer.o)
                0x0800084c                _free_r
 .text.sbrk_aligned
                0x080008e0       0x44 /home/sunbeam/st/stm32cubeide_1.15.0/plugins/com.st.stm32cube.ide.mcu.externaltools.gnu-tools-for-stm32.12.3.rel1.linux64_1.0.100.202403111256/tools/bin/../lib/gcc/arm-none-eabi/12.3.1/../../../../arm-none-eabi/lib/thumb/v7e-m+fp/hard/libc_nano.a(libc_a-mallocr.o)
 .text._malloc_r
                0x08000924      0x100 /home/sunbeam/st/stm32cubeide_1.15.0/plugins/com.st.stm32cube.ide.mcu.externaltools.gnu-tools-for-stm32.12.3.rel1.linux64_1.0.100.202403111256/tools/bin/../lib/gcc/arm-none-eabi/12.3.1/../../../../arm-none-eabi/lib/thumb/v7e-m+fp/hard/libc_nano.a(libc_a-mallocr.o)
                0x08000924                _malloc_r
 .text.__malloc_lock
                0x08000a24        0xc /home/sunbeam/st/stm32cubeide_1.15.0/plugins/com.st.stm32cube.ide.mcu.externaltools.gnu-tools-for-stm32.12.3.rel1.linux64_1.0.100.202403111256/tools/bin/../lib/gcc/arm-none-eabi/12.3.1/../../../../arm-none-eabi/lib/thumb/v7e-m+fp/hard/libc_nano.a(libc_a-mlock.o)
                0x08000a24                __malloc_lock
 .text.__malloc_unlock
                0x08000a30        0xc /home/sunbeam/st/stm32cubeide_1.15.0/plugins/com.st.stm32cube.ide.mcu.externaltools.gnu-tools-for-stm32.12.3.rel1.linux64_1.0.100.202403111256/tools/bin/../lib/gcc/arm-none-eabi/12.3.1/../../../../arm-none-eabi/lib/thumb/v7e-m+fp/hard/libc_nano.a(libc_a-mlock.o)
                0x08000a30                __malloc_unlock
 .text.__ssputs_r
                0x08000a3c       0xb6 /home/sunbeam/st/stm32cubeide_1.15.0/plugins/com.st.stm32cube.ide.mcu.externaltools.gnu-tools-for-stm32.12.3.rel1.linux64_1.0.100.202403111256/tools/bin/../lib/gcc/arm-none-eabi/12.3.1/../../../../arm-none-eabi/lib/thumb/v7e-m+fp/hard/libc_nano.a(libc_a-nano-svfprintf.o)
                0x08000a3c                __ssputs_r
 *fill*         0x08000af2        0x2 
 .text._svfprintf_r
                0x08000af4      0x1f8 /home/sunbeam/st/stm32cubeide_1.15.0/plugins/com.st.stm32cube.ide.mcu.externaltools.gnu-tools-for-stm32.12.3.rel1.linux64_1.0.100.202403111256/tools/bin/../lib/gcc/arm-none-eabi/12.3.1/../../../../arm-none-eabi/lib/thumb/v7e-m+fp/hard/libc_nano.a(libc_a-nano-svfprintf.o)
                0x08000af4                _svfprintf_r
                0x08000af4                _svfiprintf_r
 .text._printf_common
                0x08000cec       0xda /home/sunbeam/st/stm32cubeide_1.15.0/plugins/com.st.stm32cube.ide.mcu.externaltools.gnu-tools-for-stm32.12.3.rel1.linux64_1.0.100.202403111256/tools/bin/../lib/gcc/arm-none-eabi/12.3.1/../../../../arm-none-eabi/lib/thumb/v7e-m+fp/hard/libc_nano.a(libc_a-nano-vfprintf_i.o)
                0x08000cec                _printf_common
 *fill*         0x08000dc6        0x2 
 .text._printf_i
                0x08000dc8      0x240 /home/sunbeam/st/stm32cubeide_1.15.0/plugins/com.st.stm32cube.ide.mcu.externaltools.gnu-tools-for-stm32.12.3.rel1.linux64_1.0.100.202403111256/tools/bin/../lib/gcc/arm-none-eabi/12.3.1/../../../../arm-none-eabi/lib/thumb/v7e-m+fp/hard/libc_nano.a(libc_a-nano-vfprintf_i.o)
                0x08000dc8                _printf_i
 .text.memmove  0x08001008       0x34 /home/sunbeam/st/stm32cubeide_1.15.0/plugins/com.st.stm32cube.ide.mcu.externaltools.gnu-tools-for-stm32.12.3.rel1.linux64_1.0.100.202403111256/tools/bin/../lib/gcc/arm-none-eabi/12.3.1/../../../../arm-none-eabi/lib/thumb/v7e-m+fp/hard/libc_nano.a(libc_a-memmove.o)
                0x08001008                memmove
 .text._sbrk_r  0x0800103c       0x20 /home/sunbeam/st/stm32cubeide_1.15.0/plugins/com.st.stm32cube.ide.mcu.externaltools.gnu-tools-for-stm32.12.3.rel1.linux64_1.0.100.202403111256/tools/bin/../lib/gcc/arm-none-eabi/12.3.1/../../../../arm-none-eabi/lib/thumb/v7e-m+fp/hard/libc_nano.a(libc_a-sbrkr.o)
                0x0800103c                _sbrk_r
 .text.memcpy   0x0800105c       0x1c /home/sunbeam/st/stm32cubeide_1.15.0/plugins/com.st.stm32cube.ide.mcu.externaltools.gnu-tools-for-stm32.12.3.rel1.linux64_1.0.100.202403111256/tools/bin/../lib/gcc/arm-none-eabi/12.3.1/../../../../arm-none-eabi/lib/thumb/v7e-m+fp/hard/libc_nano.a(libc_a-memcpy-stub.o)
                0x0800105c                memcpy
 .text._realloc_r
                0x08001078       0x5c /home/sunbeam/st/stm32cubeide_1.15.0/plugins/com.st.stm32cube.ide.mcu.externaltools.gnu-tools-for-stm32.12.3.rel1.linux64_1.0.100.202403111256/tools/bin/../lib/gcc/arm-none-eabi/12.3.1/../../../../arm-none-eabi/lib/thumb/v7e-m+fp/hard/libc_nano.a(libc_a-reallocr.o)
                0x08001078                _realloc_r
 .text._malloc_usable_size_r
                0x080010d4       0x10 /home/sunbeam/st/stm32cubeide_1.15.0/plugins/com.st.stm32cube.ide.mcu.externaltools.gnu-tools-for-stm32.12.3.rel1.linux64_1.0.100.202403111256/tools/bin/../lib/gcc/arm-none-eabi/12.3.1/../../../../arm-none-eabi/lib/thumb/v7e-m+fp/hard/libc_nano.a(libc_a-msizer.o)
                0x080010d4                _malloc_usable_size_r
 *(.glue_7)
 .glue_7        0x080010e4        0x0 linker stubs
 *(.glue_7t)
 .glue_7t       0x080010e4        0x0 linker stubs
 *(.eh_frame)
 .eh_frame      0x080010e4        0x0 /home/sunbeam/st/stm32cubeide_1.15.0/plugins/com.st.stm32cube.ide.mcu.externaltools.gnu-tools-for-stm32.12.3.rel1.linux64_1.0.100.202403111256/tools/bin/../lib/gcc/arm-none-eabi/12.3.1/thumb/v7e-m+fp/hard/crtbegin.o
 *(.init)
 .init          0x080010e4        0x4 /home/sunbeam/st/stm32cubeide_1.15.0/plugins/com.st.stm32cube.ide.mcu.externaltools.gnu-tools-for-stm32.12.3.rel1.linux64_1.0.100.202403111256/tools/bin/../lib/gcc/arm-none-eabi/12.3.1/thumb/v7e-m+fp/hard/crti.o
                0x080010e4                _init
 .init          0x080010e8        0x8 /home/sunbeam/st/stm32cubeide_1.15.0/plugins/com.st.stm32cube.ide.mcu.externaltools.gnu-tools-for-stm32.12.3.rel1.linux64_1.0.100.202403111256/tools/bin/../lib/gcc/arm-none-eabi/12.3.1/thumb/v7e-m+fp/hard/crtn.o
 *(.fini)
 .fini          0x080010f0        0x4 /home/sunbeam/st/stm32cubeide_1.15.0/plugins/com.st.stm32cube.ide.mcu.externaltools.gnu-tools-for-stm32.12.3.rel1.linux64_1.0.100.202403111256/tools/bin/../lib/gcc/arm-none-eabi/12.3.1/thumb/v7e-m+fp/hard/crti.o
                0x080010f0                _fini
 .fini          0x080010f4        0x8 /home/sunbeam/st/stm32cubeide_1.15.0/plugins/com.st.stm32cube.ide.mcu.externaltools.gnu-tools-for-stm32.12.3.rel1.linux64_1.0.100.202403111256/tools/bin/../lib/gcc/arm-none-eabi/12.3.1/thumb/v7e-m+fp/hard/crtn.o
                0x080010fc                        . = ALIGN (0x4)
                0x080010fc                        _etext = .

.vfp11_veneer   0x080010fc        0x0
 .vfp11_veneer  0x080010fc        0x0 linker stubs

.v4_bx          0x080010fc        0x0
 .v4_bx         0x080010fc        0x0 linker stubs

.iplt           0x080010fc        0x0
 .iplt          0x080010fc        0x0 /home/sunbeam/st/stm32cubeide_1.15.0/plugins/com.st.stm32cube.ide.mcu.externaltools.gnu-tools-for-stm32.12.3.rel1.linux64_1.0.100.202403111256/tools/bin/../lib/gcc/arm-none-eabi/12.3.1/thumb/v7e-m+fp/hard/crtbegin.o

.rodata         0x080010fc       0x40
                0x080010fc                        . = ALIGN (0x4)
 *(.rodata)
 .rodata        0x080010fc        0xb ./Src/main.o
 *(.rodata*)
 .rodata._svfprintf_r.str1.1
                0x08001107       0x11 /home/sunbeam/st/stm32cubeide_1.15.0/plugins/com.st.stm32cube.ide.mcu.externaltools.gnu-tools-for-stm32.12.3.rel1.linux64_1.0.100.202403111256/tools/bin/../lib/gcc/arm-none-eabi/12.3.1/../../../../arm-none-eabi/lib/thumb/v7e-m+fp/hard/libc_nano.a(libc_a-nano-svfprintf.o)
 .rodata._printf_i.str1.1
                0x08001118       0x22 /home/sunbeam/st/stm32cubeide_1.15.0/plugins/com.st.stm32cube.ide.mcu.externaltools.gnu-tools-for-stm32.12.3.rel1.linux64_1.0.100.202403111256/tools/bin/../lib/gcc/arm-none-eabi/12.3.1/../../../../arm-none-eabi/lib/thumb/v7e-m+fp/hard/libc_nano.a(libc_a-nano-vfprintf_i.o)
                0x0800113c                        . = ALIGN (0x4)
 *fill*         0x0800113a        0x2 

.ARM.extab      0x0800113c        0x0
                0x0800113c                        . = ALIGN (0x4)
 *(.ARM.extab* .gnu.linkonce.armextab.*)
                0x0800113c                        . = ALIGN (0x4)

.ARM            0x0800113c        0x8
                0x0800113c                        . = ALIGN (0x4)
                0x0800113c                        __exidx_start = .
 *(.ARM.exidx*)
 .ARM.exidx     0x0800113c        0x8 /home/sunbeam/st/stm32cubeide_1.15.0/plugins/com.st.stm32cube.ide.mcu.externaltools.gnu-tools-for-stm32.12.3.rel1.linux64_1.0.100.202403111256/tools/bin/../lib/gcc/arm-none-eabi/12.3.1/../../../../arm-none-eabi/lib/thumb/v7e-m+fp/hard/libc_nano.a(libc_a-memchr.o)
                0x08001144                        __exidx_end = .
                0x08001144                        . = ALIGN (0x4)

.preinit_array  0x08001144        0x0
                0x08001144                        . = ALIGN (0x4)
                0x08001144                        PROVIDE (__preinit_array_start = .)
 *(.preinit_array*)
                0x08001144                        PROVIDE (__preinit_array_end = .)
                0x08001144                        . = ALIGN (0x4)

.init_array     0x08001144        0x4
                0x08001144                        . = ALIGN (0x4)
                0x08001144                        PROVIDE (__init_array_start = .)
 *(SORT_BY_NAME(.init_array.*))
 *(.init_array*)
 .init_array    0x08001144        0x4 /home/sunbeam/st/stm32cubeide_1.15.0/plugins/com.st.stm32cube.ide.mcu.externaltools.gnu-tools-for-stm32.12.3.rel1.linux64_1.0.100.202403111256/tools/bin/../lib/gcc/arm-none-eabi/12.3.1/thumb/v7e-m+fp/hard/crtbegin.o
                0x08001148                        PROVIDE (__init_array_end = .)
                0x08001148                        . = ALIGN (0x4)

.fini_array     0x08001148        0x4
                0x08001148                        . = ALIGN (0x4)
                [!provide]                        PROVIDE (__fini_array_start = .)
 *(SORT_BY_NAME(.fini_array.*))
 *(.fini_array*)
 .fini_array    0x08001148        0x4 /home/sunbeam/st/stm32cubeide_1.15.0/plugins/com.st.stm32cube.ide.mcu.externaltools.gnu-tools-for-stm32.12.3.rel1.linux64_1.0.100.202403111256/tools/bin/../lib/gcc/arm-none-eabi/12.3.1/thumb/v7e-m+fp/hard/crtbegin.o
                [!provide]                        PROVIDE (__fini_array_end = .)
                0x0800114c                        . = ALIGN (0x4)
                0x0800114c                        _sidata = LOADADDR (.data)

.rel.dyn        0x0800114c        0x0
 .rel.iplt      0x0800114c        0x0 /home/sunbeam/st/stm32cubeide_1.15.0/plugins/com.st.stm32cube.ide.mcu.externaltools.gnu-tools-for-stm32.12.3.rel1.linux64_1.0.100.202403111256/tools/bin/../lib/gcc/arm-none-eabi/12.3.1/thumb/v7e-m+fp/hard/crtbegin.o

.data           0x20000000       0x54 load address 0x0800114c
                0x20000000                        . = ALIGN (0x4)
                0x20000000                        _sdata = .
 *(.data)
 *(.data*)
 .data.SystemCoreClock
                0x20000000        0x4 ./Src/system_stm32f4xx.o
                0x20000000                SystemCoreClock
 .data._impure_ptr
                0x20000004        0x4 /home/sunbeam/st/stm32cubeide_1.15.0/plugins/com.st.stm32cube.ide.mcu.externaltools.gnu-tools-for-stm32.12.3.rel1.linux64_1.0.100.202403111256/tools/bin/../lib/gcc/arm-none-eabi/12.3.1/../../../../arm-none-eabi/lib/thumb/v7e-m+fp/hard/libc_nano.a(libc_a-impure.o)
                0x20000004                _impure_ptr
 .data._impure_data
                0x20000008       0x4c /home/sunbeam/st/stm32cubeide_1.15.0/plugins/com.st.stm32cube.ide.mcu.externaltools.gnu-tools-for-stm32.12.3.rel1.linux64_1.0.100.202403111256/tools/bin/../lib/gcc/arm-none-eabi/12.3.1/../../../../arm-none-eabi/lib/thumb/v7e-m+fp/hard/libc_nano.a(libc_a-impure.o)
                0x20000008                _impure_data
 *(.RamFunc)
 *(.RamFunc*)
                0x20000054                        . = ALIGN (0x4)
                0x20000054                        _edata = .
                0x080011a0                        _siccmram = LOADADDR (.ccmram)

.igot.plt       0x20000054        0x0 load address 0x080011a0
 .igot.plt      0x20000054        0x0 /home/sunbeam/st/stm32cubeide_1.15.0/plugins/com.st.stm32cube.ide.mcu.externaltools.gnu-tools-for-stm32.12.3.rel1.linux64_1.0.100.202403111256/tools/bin/../lib/gcc/arm-none-eabi/12.3.1/thumb/v7e-m+fp/hard/crtbegin.o

.ccmram         0x10000000        0x0 load address 0x080011a0
                0x10000000                        . = ALIGN (0x4)
                0x10000000                        _sccmram = .
 *(.ccmram)
 *(.ccmram*)
                0x10000000                        . = ALIGN (0x4)
                0x10000000                        _eccmram = .
                0x10000000                        . = ALIGN (0x4)

.bss            0x20000054      0x16c
                0x20000054                        _sbss = .
                0x20000054                        __bss_start__ = _sbss
 *(.bss)
 .bss           0x20000054       0x1c /home/sunbeam/st/stm32cubeide_1.15.0/plugins/com.st.stm32cube.ide.mcu.externaltools.gnu-tools-for-stm32.12.3.rel1.linux64_1.0.100.202403111256/tools/bin/../lib/gcc/arm-none-eabi/12.3.1/thumb/v7e-m+fp/hard/crtbegin.o
 *(.bss*)
 .bss.exti0_flag
                0x20000070        0x4 ./Src/switch.o
                0x20000070                exti0_flag
 .bss.__sbrk_heap_end
                0x20000074        0x4 ./Src/sysmem.o
 .bss.__sf      0x20000078      0x138 /home/sunbeam/st/stm32cubeide_1.15.0/plugins/com.st.stm32cube.ide.mcu.externaltools.gnu-tools-for-stm32.12.3.rel1.linux64_1.0.100.202403111256/tools/bin/../lib/gcc/arm-none-eabi/12.3.1/../../../../arm-none-eabi/lib/thumb/v7e-m+fp/hard/libc_nano.a(libc_a-findfp.o)
                0x20000078                __sf
 .bss.errno     0x200001b0        0x4 /home/sunbeam/st/stm32cubeide_1.15.0/plugins/com.st.stm32cube.ide.mcu.externaltools.gnu-tools-for-stm32.12.3.rel1.linux64_1.0.100.202403111256/tools/bin/../lib/gcc/arm-none-eabi/12.3.1/../../../../arm-none-eabi/lib/thumb/v7e-m+fp/hard/libc_nano.a(libc_a-reent.o)
                0x200001b0                errno
 .bss.__lock___malloc_recursive_mutex
                0x200001b4        0x1 /home/sunbeam/st/stm32cubeide_1.15.0/plugins/com.st.stm32cube.ide.mcu.externaltools.gnu-tools-for-stm32.12.3.rel1.linux64_1.0.100.202403111256/tools/bin/../lib/gcc/arm-none-eabi/12.3.1/../../../../arm-none-eabi/lib/thumb/v7e-m+fp/hard/libc_nano.a(libc_a-lock.o)
                0x200001b4                __lock___malloc_recursive_mutex
 *fill*         0x200001b5        0x3 
 .bss.__malloc_sbrk_start
                0x200001b8        0x4 /home/sunbeam/st/stm32cubeide_1.15.0/plugins/com.st.stm32cube.ide.mcu.externaltools.gnu-tools-for-stm32.12.3.rel1.linux64_1.0.100.202403111256/tools/bin/../lib/gcc/arm-none-eabi/12.3.1/../../../../arm-none-eabi/lib/thumb/v7e-m+fp/hard/libc_nano.a(libc_a-mallocr.o)
                0x200001b8                __malloc_sbrk_start
 .bss.__malloc_free_list
                0x200001bc        0x4 /home/sunbeam/st/stm32cubeide_1.15.0/plugins/com.st.stm32cube.ide.mcu.externaltools.gnu-tools-for-stm32.12.3.rel1.linux64_1.0.100.202403111256/tools/bin/../lib/gcc/arm-none-eabi/12.3.1/../../../../arm-none-eabi/lib/thumb/v7e-m+fp/hard/libc_nano.a(libc_a-mallocr.o)
                0x200001bc                __malloc_free_list
 *(COMMON)
                0x200001c0                        . = ALIGN (0x4)
                0x200001c0                        _ebss = .
                0x200001c0                        __bss_end__ = _ebss

._user_heap_stack
                0x200001c0      0x600
                0x200001c0                        . = ALIGN (0x8)
                [!provide]                        PROVIDE (end = .)
                0x200001c0                        PROVIDE (_end = .)
                0x200003c0                        . = (. + _Min_Heap_Size)
 *fill*         0x200001c0      0x200 
                0x200007c0                        . = (. + _Min_Stack_Size)
 *fill*         0x200003c0      0x400 
                0x200007c0                        . = ALIGN (0x8)

/DISCARD/
 libc.a(*)
 libm.a(*)
 libgcc.a(*)

.ARM.attributes
                0x00000000       0x30
 *(.ARM.attributes)
 .ARM.attributes
                0x00000000       0x22 /home/sunbeam/st/stm32cubeide_1.15.0/plugins/com.st.stm32cube.ide.mcu.externaltools.gnu-tools-for-stm32.12.3.rel1.linux64_1.0.100.202403111256/tools/bin/../lib/gcc/arm-none-eabi/12.3.1/thumb/v7e-m+fp/hard/crti.o
 .ARM.attributes
                0x00000022       0x34 /home/sunbeam/st/stm32cubeide_1.15.0/plugins/com.st.stm32cube.ide.mcu.externaltools.gnu-tools-for-stm32.12.3.rel1.linux64_1.0.100.202403111256/tools/bin/../lib/gcc/arm-none-eabi/12.3.1/thumb/v7e-m+fp/hard/crtbegin.o
 .ARM.attributes
                0x00000056       0x34 ./Src/lcd.o
 .ARM.attributes
                0x0000008a       0x34 ./Src/main.o
 .ARM.attributes
                0x000000be       0x34 ./Src/switch.o
 .ARM.attributes
                0x000000f2       0x34 ./Src/sysmem.o
 .ARM.attributes
                0x00000126       0x34 ./Src/system_stm32f4xx.o
 .ARM.attributes
                0x0000015a       0x21 ./Startup/startup_stm32f407vgtx.o
 .ARM.attributes
                0x0000017b       0x34 /home/sunbeam/st/stm32cubeide_1.15.0/plugins/com.st.stm32cube.ide.mcu.externaltools.gnu-tools-for-stm32.12.3.rel1.linux64_1.0.100.202403111256/tools/bin/../lib/gcc/arm-none-eabi/12.3.1/../../../../arm-none-eabi/lib/thumb/v7e-m+fp/hard/libc_nano.a(libc_a-findfp.o)
 .ARM.attributes
                0x000001af       0x34 /home/sunbeam/st/stm32cubeide_1.15.0/plugins/com.st.stm32cube.ide.mcu.externaltools.gnu-tools-for-stm32.12.3.rel1.linux64_1.0.100.202403111256/tools/bin/../lib/gcc/arm-none-eabi/12.3.1/../../../../arm-none-eabi/lib/thumb/v7e-m+fp/hard/libc_nano.a(libc_a-sprintf.o)
 .ARM.attributes
                0x000001e3       0x34 /home/sunbeam/st/stm32cubeide_1.15.0/plugins/com.st.stm32cube.ide.mcu.externaltools.gnu-tools-for-stm32.12.3.rel1.linux64_1.0.100.202403111256/tools/bin/../lib/gcc/arm-none-eabi/12.3.1/../../../../arm-none-eabi/lib/thumb/v7e-m+fp/hard/libc_nano.a(libc_a-reent.o)
 .ARM.attributes
                0x00000217       0x34 /home/sunbeam/st/stm32cubeide_1.15.0/plugins/com.st.stm32cube.ide.mcu.externaltools.gnu-tools-for-stm32.12.3.rel1.linux64_1.0.100.202403111256/tools/bin/../lib/gcc/arm-none-eabi/12.3.1/../../../../arm-none-eabi/lib/thumb/v7e-m+fp/hard/libc_nano.a(libc_a-impure.o)
 .ARM.attributes
                0x0000024b       0x34 /home/sunbeam/st/stm32cubeide_1.15.0/plugins/com.st.stm32cube.ide.mcu.externaltools.gnu-tools-for-stm32.12.3.rel1.linux64_1.0.100.202403111256/tools/bin/../lib/gcc/arm-none-eabi/12.3.1/../../../../arm-none-eabi/lib/thumb/v7e-m+fp/hard/libc_nano.a(libc_a-errno.o)
 .ARM.attributes
                0x0000027f       0x34 /home/sunbeam/st/stm32cubeide_1.15.0/plugins/com.st.stm32cube.ide.mcu.externaltools.gnu-tools-for-stm32.12.3.rel1.linux64_1.0.100.202403111256/tools/bin/../lib/gcc/arm-none-eabi/12.3.1/../../../../arm-none-eabi/lib/thumb/v7e-m+fp/hard/libc_nano.a(libc_a-init.o)
 .ARM.attributes
                0x000002b3       0x34 /home/sunbeam/st/stm32cubeide_1.15.0/plugins/com.st.stm32cube.ide.mcu.externaltools.gnu-tools-for-stm32.12.3.rel1.linux64_1.0.100.202403111256/tools/bin/../lib/gcc/arm-none-eabi/12.3.1/../../../../arm-none-eabi/lib/thumb/v7e-m+fp/hard/libc_nano.a(libc_a-lock.o)
 .ARM.attributes
                0x000002e7       0x34 /home/sunbeam/st/stm32cubeide_1.15.0/plugins/com.st.stm32cube.ide.mcu.externaltools.gnu-tools-for-stm32.12.3.rel1.linux64_1.0.100.202403111256/tools/bin/../lib/gcc/arm-none-eabi/12.3.1/../../../../arm-none-eabi/lib/thumb/v7e-m+fp/hard/libc_nano.a(libc_a-freer.o)
 .ARM.attributes
                0x0000031b       0x34 /home/sunbeam/st/stm32cubeide_1.15.0/plugins/com.st.stm32cube.ide.mcu.externaltools.gnu-tools-for-stm32.12.3.rel1.linux64_1.0.100.202403111256/tools/bin/../lib/gcc/arm-none-eabi/12.3.1/../../../../arm-none-eabi/lib/thumb/v7e-m+fp/hard/libc_nano.a(libc_a-mallocr.o)
 .ARM.attributes
                0x0000034f       0x34 /home/sunbeam/st/stm32cubeide_1.15.0/plugins/com.st.stm32cube.ide.mcu.externaltools.gnu-tools-for-stm32.12.3.rel1.linux64_1.0.100.202403111256/tools/bin/../lib/gcc/arm-none-eabi/12.3.1/../../../../arm-none-eabi/lib/thumb/v7e-m+fp/hard/libc_nano.a(libc_a-mlock.o)
 .ARM.attributes
                0x00000383       0x34 /home/sunbeam/st/stm32cubeide_1.15.0/plugins/com.st.stm32cube.ide.mcu.externaltools.gnu-tools-for-stm32.12.3.rel1.linux64_1.0.100.202403111256/tools/bin/../lib/gcc/arm-none-eabi/12.3.1/../../../../arm-none-eabi/lib/thumb/v7e-m+fp/hard/libc_nano.a(libc_a-nano-svfprintf.o)
 .ARM.attributes
                0x000003b7       0x34 /home/sunbeam/st/stm32cubeide_1.15.0/plugins/com.st.stm32cube.ide.mcu.externaltools.gnu-tools-for-stm32.12.3.rel1.linux64_1.0.100.202403111256/tools/bin/../lib/gcc/arm-none-eabi/12.3.1/../../../../arm-none-eabi/lib/thumb/v7e-m+fp/hard/libc_nano.a(libc_a-nano-vfprintf_i.o)
 .ARM.attributes
                0x000003eb       0x34 /home/sunbeam/st/stm32cubeide_1.15.0/plugins/com.st.stm32cube.ide.mcu.externaltools.gnu-tools-for-stm32.12.3.rel1.linux64_1.0.100.202403111256/tools/bin/../lib/gcc/arm-none-eabi/12.3.1/../../../../arm-none-eabi/lib/thumb/v7e-m+fp/hard/libc_nano.a(libc_a-memmove.o)
 .ARM.attributes
                0x0000041f       0x34 /home/sunbeam/st/stm32cubeide_1.15.0/plugins/com.st.stm32cube.ide.mcu.externaltools.gnu-tools-for-stm32.12.3.rel1.linux64_1.0.100.202403111256/tools/bin/../lib/gcc/arm-none-eabi/12.3.1/../../../../arm-none-eabi/lib/thumb/v7e-m+fp/hard/libc_nano.a(libc_a-sbrkr.o)
 .ARM.attributes
                0x00000453       0x1c /home/sunbeam/st/stm32cubeide_1.15.0/plugins/com.st.stm32cube.ide.mcu.externaltools.gnu-tools-for-stm32.12.3.rel1.linux64_1.0.100.202403111256/tools/bin/../lib/gcc/arm-none-eabi/12.3.1/../../../../arm-none-eabi/lib/thumb/v7e-m+fp/hard/libc_nano.a(libc_a-memchr.o)
 .ARM.attributes
                0x0000046f       0x34 /home/sunbeam/st/stm32cubeide_1.15.0/plugins/com.st.stm32cube.ide.mcu.externaltools.gnu-tools-for-stm32.12.3.rel1.linux64_1.0.100.202403111256/tools/bin/../lib/gcc/arm-none-eabi/12.3.1/../../../../arm-none-eabi/lib/thumb/v7e-m+fp/hard/libc_nano.a(libc_a-memcpy-stub.o)
 .ARM.attributes
                0x000004a3       0x34 /home/sunbeam/st/stm32cubeide_1.15.0/plugins/com.st.stm32cube.ide.mcu.externaltools.gnu-tools-for-stm32.12.3.rel1.linux64_1.0.100.202403111256/tools/bin/../lib/gcc/arm-none-eabi/12.3.1/../../../../arm-none-eabi/lib/thumb/v7e-m+fp/hard/libc_nano.a(libc_a-reallocr.o)
 .ARM.attributes
                0x000004d7       0x34 /home/sunbeam/st/stm32cubeide_1.15.0/plugins/com.st.stm32cube.ide.mcu.externaltools.gnu-tools-for-stm32.12.3.rel1.linux64_1.0.100.202403111256/tools/bin/../lib/gcc/arm-none-eabi/12.3.1/../../../../arm-none-eabi/lib/thumb/v7e-m+fp/hard/libc_nano.a(libc_a-msizer.o)
 .ARM.attributes
                0x0000050b       0x22 /home/sunbeam/st/stm32cubeide_1.15.0/plugins/com.st.stm32cube.ide.mcu.externaltools.gnu-tools-for-stm32.12.3.rel1.linux64_1.0.100.202403111256/tools/bin/../lib/gcc/arm-none-eabi/12.3.1/thumb/v7e-m+fp/hard/crtn.o
OUTPUT(day_06_01.elf elf32-littlearm)
LOAD linker stubs
LOAD /home/sunbeam/st/stm32cubeide_1.15.0/plugins/com.st.stm32cube.ide.mcu.externaltools.gnu-tools-for-stm32.12.3.rel1.linux64_1.0.100.202403111256/tools/bin/../lib/gcc/arm-none-eabi/12.3.1/../../../../arm-none-eabi/lib/thumb/v7e-m+fp/hard/libc.a
LOAD /home/sunbeam/st/stm32cubeide_1.15.0/plugins/com.st.stm32cube.ide.mcu.externaltools.gnu-tools-for-stm32.12.3.rel1.linux64_1.0.100.202403111256/tools/bin/../lib/gcc/arm-none-eabi/12.3.1/../../../../arm-none-eabi/lib/thumb/v7e-m+fp/hard/libm.a
LOAD /home/sunbeam/st/stm32cubeide_1.15.0/plugins/com.st.stm32cube.ide.mcu.externaltools.gnu-tools-for-stm32.12.3.rel1.linux64_1.0.100.202403111256/tools/bin/../lib/gcc/arm-none-eabi/12.3.1/thumb/v7e-m+fp/hard/libgcc.a

.debug_info     0x00000000     0x1604
 .debug_info    0x00000000      0x5c9 ./Src/lcd.o
 .debug_info    0x000005c9      0x167 ./Src/main.o
 .debug_info    0x00000730      0x800 ./Src/switch.o
 .debug_info    0x00000f30      0x168 ./Src/sysmem.o
 .debug_info    0x00001098      0x53c ./Src/system_stm32f4xx.o
 .debug_info    0x000015d4       0x30 ./Startup/startup_stm32f407vgtx.o

.debug_abbrev   0x00000000      0x658
 .debug_abbrev  0x00000000      0x168 ./Src/lcd.o
 .debug_abbrev  0x00000168      0x101 ./Src/main.o
 .debug_abbrev  0x00000269      0x1b7 ./Src/switch.o
 .debug_abbrev  0x00000420       0xbc ./Src/sysmem.o
 .debug_abbrev  0x000004dc      0x158 ./Src/system_stm32f4xx.o
 .debug_abbrev  0x00000634       0x24 ./Startup/startup_stm32f407vgtx.o

.debug_aranges  0x00000000      0x120
 .debug_aranges
                0x00000000       0x48 ./Src/lcd.o
 .debug_aranges
                0x00000048       0x20 ./Src/main.o
 .debug_aranges
                0x00000068       0x38 ./Src/switch.o
 .debug_aranges
                0x000000a0       0x20 ./Src/sysmem.o
 .debug_aranges
                0x000000c0       0x38 ./Src/system_stm32f4xx.o
 .debug_aranges
                0x000000f8       0x28 ./Startup/startup_stm32f407vgtx.o

.debug_rnglists
                0x00000000       0xbd
 .debug_rnglists
                0x00000000       0x32 ./Src/lcd.o
 .debug_rnglists
                0x00000032       0x13 ./Src/main.o
 .debug_rnglists
                0x00000045       0x26 ./Src/switch.o
 .debug_rnglists
                0x0000006b       0x13 ./Src/sysmem.o
 .debug_rnglists
                0x0000007e       0x26 ./Src/system_stm32f4xx.o
 .debug_rnglists
                0x000000a4       0x19 ./Startup/startup_stm32f407vgtx.o

.debug_macro    0x00000000    0x1848e
 .debug_macro   0x00000000       0xdc ./Src/lcd.o
 .debug_macro   0x000000dc       0x2e ./Src/lcd.o
 .debug_macro   0x0000010a       0x2f ./Src/lcd.o
 .debug_macro   0x00000139       0x1c ./Src/lcd.o
 .debug_macro   0x00000155       0x22 ./Src/lcd.o
 .debug_macro   0x00000177       0xd9 ./Src/lcd.o
 .debug_macro   0x00000250     0x102d ./Src/lcd.o
 .debug_macro   0x0000127d      0x11f ./Src/lcd.o
 .debug_macro   0x0000139c       0x11 ./Src/lcd.o
 .debug_macro   0x000013ad    0x15e3c ./Src/lcd.o
 .debug_macro   0x000171e9       0x4a ./Src/lcd.o
 .debug_macro   0x00017233       0xa6 ./Src/lcd.o
 .debug_macro   0x000172d9      0x1ca ./Src/main.o
 .debug_macro   0x000174a3       0x61 ./Src/main.o
 .debug_macro   0x00017504       0x2a ./Src/main.o
 .debug_macro   0x0001752e       0x43 ./Src/main.o
 .debug_macro   0x00017571       0x34 ./Src/main.o
 .debug_macro   0x000175a5       0x16 ./Src/main.o
 .debug_macro   0x000175bb       0x9e ./Src/main.o
 .debug_macro   0x00017659      0x369 ./Src/main.o
 .debug_macro   0x000179c2      0x10b ./Src/main.o
 .debug_macro   0x00017acd       0x10 ./Src/main.o
 .debug_macro   0x00017add       0x16 ./Src/main.o
 .debug_macro   0x00017af3       0x43 ./Src/main.o
 .debug_macro   0x00017b36       0x34 ./Src/main.o
 .debug_macro   0x00017b6a       0x10 ./Src/main.o
 .debug_macro   0x00017b7a       0x58 ./Src/main.o
 .debug_macro   0x00017bd2       0x8e ./Src/main.o
 .debug_macro   0x00017c60       0x1c ./Src/main.o
 .debug_macro   0x00017c7c      0x177 ./Src/main.o
 .debug_macro   0x00017df3       0x16 ./Src/main.o
 .debug_macro   0x00017e09       0x16 ./Src/main.o
 .debug_macro   0x00017e1f      0x146 ./Src/main.o
 .debug_macro   0x00017f65       0x1c ./Src/main.o
 .debug_macro   0x00017f81       0xdc ./Src/switch.o
 .debug_macro   0x0001805d       0x16 ./Src/switch.o
 .debug_macro   0x00018073       0xff ./Src/sysmem.o
 .debug_macro   0x00018172      0x23c ./Src/sysmem.o
 .debug_macro   0x000183ae       0xe0 ./Src/system_stm32f4xx.o

.debug_line     0x00000000     0x1a52
 .debug_line    0x00000000      0x592 ./Src/lcd.o
 .debug_line    0x00000592      0x589 ./Src/main.o
 .debug_line    0x00000b1b      0x4e2 ./Src/switch.o
 .debug_line    0x00000ffd      0x4e0 ./Src/sysmem.o
 .debug_line    0x000014dd      0x4fa ./Src/system_stm32f4xx.o
 .debug_line    0x000019d7       0x7b ./Startup/startup_stm32f407vgtx.o

.debug_str      0x00000000    0x8c3ca
 .debug_str     0x00000000    0x87dc3 ./Src/lcd.o
                              0x87f4c (size before relaxing)
 .debug_str     0x00087dc3     0x3a6a ./Src/main.o
                              0x8b808 (size before relaxing)
 .debug_str     0x0008b82d      0x599 ./Src/switch.o
                              0x8829c (size before relaxing)
 .debug_str     0x0008bdc6      0x4d7 ./Src/sysmem.o
                               0x60e6 (size before relaxing)
 .debug_str     0x0008c29d       0xee ./Src/system_stm32f4xx.o
                              0x87dee (size before relaxing)
 .debug_str     0x0008c38b       0x3f ./Startup/startup_stm32f407vgtx.o
                                 0x83 (size before relaxing)

.comment        0x00000000       0x43
 .comment       0x00000000       0x43 ./Src/lcd.o
                                 0x44 (size before relaxing)
 .comment       0x00000043       0x44 ./Src/main.o
 .comment       0x00000043       0x44 ./Src/switch.o
 .comment       0x00000043       0x44 ./Src/sysmem.o
 .comment       0x00000043       0x44 ./Src/system_stm32f4xx.o

.debug_frame    0x00000000      0x7d8
 .debug_frame   0x00000000       0xe8 ./Src/lcd.o
 .debug_frame   0x000000e8       0x30 ./Src/main.o
 .debug_frame   0x00000118       0xa4 ./Src/switch.o
 .debug_frame   0x000001bc       0x34 ./Src/sysmem.o
 .debug_frame   0x000001f0       0x84 ./Src/system_stm32f4xx.o
 .debug_frame   0x00000274      0x144 /home/sunbeam/st/stm32cubeide_1.15.0/plugins/com.st.stm32cube.ide.mcu.externaltools.gnu-tools-for-stm32.12.3.rel1.linux64_1.0.100.202403111256/tools/bin/../lib/gcc/arm-none-eabi/12.3.1/../../../../arm-none-eabi/lib/thumb/v7e-m+fp/hard/libc_nano.a(libc_a-findfp.o)
 .debug_frame   0x000003b8       0x6c /home/sunbeam/st/stm32cubeide_1.15.0/plugins/com.st.stm32cube.ide.mcu.externaltools.gnu-tools-for-stm32.12.3.rel1.linux64_1.0.100.202403111256/tools/bin/../lib/gcc/arm-none-eabi/12.3.1/../../../../arm-none-eabi/lib/thumb/v7e-m+fp/hard/libc_nano.a(libc_a-sprintf.o)
 .debug_frame   0x00000424       0x38 /home/sunbeam/st/stm32cubeide_1.15.0/plugins/com.st.stm32cube.ide.mcu.externaltools.gnu-tools-for-stm32.12.3.rel1.linux64_1.0.100.202403111256/tools/bin/../lib/gcc/arm-none-eabi/12.3.1/../../../../arm-none-eabi/lib/thumb/v7e-m+fp/hard/libc_nano.a(libc_a-reent.o)
 .debug_frame   0x0000045c       0x20 /home/sunbeam/st/stm32cubeide_1.15.0/plugins/com.st.stm32cube.ide.mcu.externaltools.gnu-tools-for-stm32.12.3.rel1.linux64_1.0.100.202403111256/tools/bin/../lib/gcc/arm-none-eabi/12.3.1/../../../../arm-none-eabi/lib/thumb/v7e-m+fp/hard/libc_nano.a(libc_a-errno.o)
 .debug_frame   0x0000047c       0x2c /home/sunbeam/st/stm32cubeide_1.15.0/plugins/com.st.stm32cube.ide.mcu.externaltools.gnu-tools-for-stm32.12.3.rel1.linux64_1.0.100.202403111256/tools/bin/../lib/gcc/arm-none-eabi/12.3.1/../../../../arm-none-eabi/lib/thumb/v7e-m+fp/hard/libc_nano.a(libc_a-init.o)
 .debug_frame   0x000004a8       0xb0 /home/sunbeam/st/stm32cubeide_1.15.0/plugins/com.st.stm32cube.ide.mcu.externaltools.gnu-tools-for-stm32.12.3.rel1.linux64_1.0.100.202403111256/tools/bin/../lib/gcc/arm-none-eabi/12.3.1/../../../../arm-none-eabi/lib/thumb/v7e-m+fp/hard/libc_nano.a(libc_a-lock.o)
 .debug_frame   0x00000558       0x38 /home/sunbeam/st/stm32cubeide_1.15.0/plugins/com.st.stm32cube.ide.mcu.externaltools.gnu-tools-for-stm32.12.3.rel1.linux64_1.0.100.202403111256/tools/bin/../lib/gcc/arm-none-eabi/12.3.1/../../../../arm-none-eabi/lib/thumb/v7e-m+fp/hard/libc_nano.a(libc_a-freer.o)
 .debug_frame   0x00000590       0x50 /home/sunbeam/st/stm32cubeide_1.15.0/plugins/com.st.stm32cube.ide.mcu.externaltools.gnu-tools-for-stm32.12.3.rel1.linux64_1.0.100.202403111256/tools/bin/../lib/gcc/arm-none-eabi/12.3.1/../../../../arm-none-eabi/lib/thumb/v7e-m+fp/hard/libc_nano.a(libc_a-mallocr.o)
 .debug_frame   0x000005e0       0x30 /home/sunbeam/st/stm32cubeide_1.15.0/plugins/com.st.stm32cube.ide.mcu.externaltools.gnu-tools-for-stm32.12.3.rel1.linux64_1.0.100.202403111256/tools/bin/../lib/gcc/arm-none-eabi/12.3.1/../../../../arm-none-eabi/lib/thumb/v7e-m+fp/hard/libc_nano.a(libc_a-mlock.o)
 .debug_frame   0x00000610       0x90 /home/sunbeam/st/stm32cubeide_1.15.0/plugins/com.st.stm32cube.ide.mcu.externaltools.gnu-tools-for-stm32.12.3.rel1.linux64_1.0.100.202403111256/tools/bin/../lib/gcc/arm-none-eabi/12.3.1/../../../../arm-none-eabi/lib/thumb/v7e-m+fp/hard/libc_nano.a(libc_a-nano-svfprintf.o)
 .debug_frame   0x000006a0       0x60 /home/sunbeam/st/stm32cubeide_1.15.0/plugins/com.st.stm32cube.ide.mcu.externaltools.gnu-tools-for-stm32.12.3.rel1.linux64_1.0.100.202403111256/tools/bin/../lib/gcc/arm-none-eabi/12.3.1/../../../../arm-none-eabi/lib/thumb/v7e-m+fp/hard/libc_nano.a(libc_a-nano-vfprintf_i.o)
 .debug_frame   0x00000700       0x28 /home/sunbeam/st/stm32cubeide_1.15.0/plugins/com.st.stm32cube.ide.mcu.externaltools.gnu-tools-for-stm32.12.3.rel1.linux64_1.0.100.202403111256/tools/bin/../lib/gcc/arm-none-eabi/12.3.1/../../../../arm-none-eabi/lib/thumb/v7e-m+fp/hard/libc_nano.a(libc_a-memmove.o)
 .debug_frame   0x00000728       0x2c /home/sunbeam/st/stm32cubeide_1.15.0/plugins/com.st.stm32cube.ide.mcu.externaltools.gnu-tools-for-stm32.12.3.rel1.linux64_1.0.100.202403111256/tools/bin/../lib/gcc/arm-none-eabi/12.3.1/../../../../arm-none-eabi/lib/thumb/v7e-m+fp/hard/libc_nano.a(libc_a-sbrkr.o)
 .debug_frame   0x00000754       0x28 /home/sunbeam/st/stm32cubeide_1.15.0/plugins/com.st.stm32cube.ide.mcu.externaltools.gnu-tools-for-stm32.12.3.rel1.linux64_1.0.100.202403111256/tools/bin/../lib/gcc/arm-none-eabi/12.3.1/../../../../arm-none-eabi/lib/thumb/v7e-m+fp/hard/libc_nano.a(libc_a-memcpy-stub.o)
 .debug_frame   0x0000077c       0x3c /home/sunbeam/st/stm32cubeide_1.15.0/plugins/com.st.stm32cube.ide.mcu.externaltools.gnu-tools-for-stm32.12.3.rel1.linux64_1.0.100.202403111256/tools/bin/../lib/gcc/arm-none-eabi/12.3.1/../../../../arm-none-eabi/lib/thumb/v7e-m+fp/hard/libc_nano.a(libc_a-reallocr.o)
 .debug_frame   0x000007b8       0x20 /home/sunbeam/st/stm32cubeide_1.15.0/plugins/com.st.stm32cube.ide.mcu.externaltools.gnu-tools-for-stm32.12.3.rel1.linux64_1.0.100.202403111256/tools/bin/../lib/gcc/arm-none-eabi/12.3.1/../../../../arm-none-eabi/lib/thumb/v7e-m+fp/hard/libc_nano.a(libc_a-msizer.o)

.debug_loclists
                0x00000000       0x1f
 .debug_loclists
                0x00000000       0x1f ./Src/system_stm32f4xx.o

.debug_line_str
                0x00000000       0x67
 .debug_line_str
                0x00000000       0x67 ./Startup/startup_stm32f407vgtx.o
